Archive member included to satisfy reference by file (symbol)

app/libapp.a(main.c.obj)      (--whole-archive)
app/libapp.a(app_gpio.c.obj)  (--whole-archive)
app/libapp.a(app_cli.c.obj)   (--whole-archive)
app/libapp.a(app_rail.c.obj)  (--whole-archive)
app/libapp.a(sl_rail_util_callbacks.c.obj)
                              (--whole-archive)
app/libapp.a(sl_rail_util_init.c.obj)
                              (--whole-archive)
app/libapp.a(rail_config.c.obj)
                              (--whole-archive)
zephyr/libzephyr.a(heap.c.obj)
                              (--whole-archive)
zephyr/libzephyr.a(cbprintf_packaged.c.obj)
                              (--whole-archive)
zephyr/libzephyr.a(printk.c.obj)
                              (--whole-archive)
zephyr/libzephyr.a(sem.c.obj)
                              (--whole-archive)
zephyr/libzephyr.a(thread_entry.c.obj)
                              (--whole-archive)
zephyr/libzephyr.a(cbprintf_complete.c.obj)
                              (--whole-archive)
zephyr/libzephyr.a(assert.c.obj)
                              (--whole-archive)
zephyr/libzephyr.a(dec.c.obj)
                              (--whole-archive)
zephyr/libzephyr.a(hex.c.obj)
                              (--whole-archive)
zephyr/libzephyr.a(rb.c.obj)  (--whole-archive)
zephyr/libzephyr.a(timeutil.c.obj)
                              (--whole-archive)
zephyr/libzephyr.a(bitarray.c.obj)
                              (--whole-archive)
zephyr/libzephyr.a(json.c.obj)
                              (--whole-archive)
zephyr/libzephyr.a(ring_buffer.c.obj)
                              (--whole-archive)
zephyr/libzephyr.a(configs.c.obj)
                              (--whole-archive)
zephyr/libzephyr.a(soc.c.obj)
                              (--whole-archive)
zephyr/libzephyr.a(mem_attr.c.obj)
                              (--whole-archive)
zephyr/libzephyr.a(tracing_none.c.obj)
                              (--whole-archive)
zephyr/libzephyr.a(kernel_service.c.obj)
                              (--whole-archive)
zephyr/libzephyr.a(device_service.c.obj)
                              (--whole-archive)
zephyr/libzephyr.a(date_service.c.obj)
                              (--whole-archive)
zephyr/libzephyr.a(devmem_service.c.obj)
                              (--whole-archive)
zephyr/libzephyr.a(shell_uart.c.obj)
                              (--whole-archive)
zephyr/libzephyr.a(shell.c.obj)
                              (--whole-archive)
zephyr/libzephyr.a(shell_fprintf.c.obj)
                              (--whole-archive)
zephyr/libzephyr.a(shell_utils.c.obj)
                              (--whole-archive)
zephyr/libzephyr.a(shell_ops.c.obj)
                              (--whole-archive)
zephyr/libzephyr.a(shell_help.c.obj)
                              (--whole-archive)
zephyr/libzephyr.a(shell_cmds.c.obj)
                              (--whole-archive)
zephyr/libzephyr.a(shell_history.c.obj)
                              (--whole-archive)
zephyr/libzephyr.a(shell_wildcard.c.obj)
                              (--whole-archive)
zephyr/libzephyr.a(pa_conversions_efr32.c.obj)
                              (--whole-archive)
zephyr/libzephyr.a(pa_curves_efr32.c.obj)
                              (--whole-archive)
zephyr/libzephyr.a(sl_rail_util_protocol.c.obj)
                              (--whole-archive)
zephyr/libzephyr.a(em_system.c.obj)
                              (--whole-archive)
zephyr/libzephyr.a(em_cmu.c.obj)
                              (--whole-archive)
zephyr/libzephyr.a(sl_device_init_dcdc_s2.c.obj)
                              (--whole-archive)
zephyr/libzephyr.a(sl_device_init_dpll_s2.c.obj)
                              (--whole-archive)
zephyr/libzephyr.a(sl_device_init_emu_s2.c.obj)
                              (--whole-archive)
zephyr/libzephyr.a(sl_device_init_hfrco.c.obj)
                              (--whole-archive)
zephyr/libzephyr.a(sl_device_init_hfxo_s2.c.obj)
                              (--whole-archive)
zephyr/libzephyr.a(sl_device_init_nvic.c.obj)
                              (--whole-archive)
zephyr/libzephyr.a(sl_power_manager.c.obj)
                              (--whole-archive)
zephyr/libzephyr.a(sl_power_manager_hal_s2.c.obj)
                              (--whole-archive)
zephyr/libzephyr.a(sl_hfxo_manager.c.obj)
                              (--whole-archive)
zephyr/libzephyr.a(sl_hfxo_manager_hal_s2.c.obj)
                              (--whole-archive)
zephyr/libzephyr.a(sl_core_cortexm.c.obj)
                              (--whole-archive)
zephyr/libzephyr.a(sl_clock_manager.c.obj)
                              (--whole-archive)
zephyr/libzephyr.a(sl_clock_manager_hal_s2.c.obj)
                              (--whole-archive)
zephyr/libzephyr.a(sl_device_clock.c.obj)
                              (--whole-archive)
zephyr/libzephyr.a(sl_device_peripheral.c.obj)
                              (--whole-archive)
[...]
Memory Configuration

Name             Origin             Length             Attributes
FLASH            0x0000000008000000 0x0000000000080000 xr
RAM              0x0000000020000000 0x0000000000010000 xw
IDT_LIST         0x00000000ffff7fff 0x0000000000008000 xw
*default*        0x0000000000000000 0xffffffffffffffff

Linker script and memory map

LOAD zephyr/CMakeFiles/zephyr_final.dir/misc/empty_file.c.obj
LOAD zephyr/CMakeFiles/zephyr_final.dir/isr_tables.c.obj
LOAD zephyr/CMakeFiles/offsets.dir/./arch/arm/core/offsets/offsets.c.obj
LOAD app/libapp.a
LOAD zephyr/libzephyr.a
LOAD zephyr/arch/common/libarch__common.a
LOAD zephyr/arch/arch/arm/core/libarch__arm__core.a
LOAD zephyr/arch/arch/arm/core/cortex_m/libarch__arm__core__cortex_m.a
LOAD zephyr/arch/arch/arm/core/cortex_m/cmse/libarch__arm__core__cortex_m__cmse.a
LOAD zephyr/arch/arch/arm/core/mpu/libarch__arm__core__mpu.a
LOAD zephyr/lib/libc/picolibc/liblib__libc__picolibc.a
LOAD zephyr/lib/libc/common/liblib__libc__common.a
LOAD zephyr/lib/posix/options/liblib__posix__options.a
LOAD zephyr/lib/smf/liblib__smf.a
LOAD zephyr/boards/boards/arm/autecradio/lib..__autec-dir__boards__silabs__autecradio.a
LOAD zephyr/drivers/console/libdrivers__console.a
LOAD zephyr/drivers/gpio/libdrivers__gpio.a
LOAD zephyr/drivers/pinctrl/libdrivers__pinctrl.a
LOAD zephyr/drivers/regulator/libdrivers__regulator.a
LOAD zephyr/drivers/serial/libdrivers__serial.a
LOAD zephyr/drivers/timer/libdrivers__timer.a
LOAD zephyr/kernel/libkernel.a
LOAD /home/novello/SimplicityStudio_v5/developer/toolchains/gnu_arm/12.2.rel1_2023.7/bin/../lib/gcc/arm-none-eabi/12.2.1/thumb/v8-m.main+fp/hard/libgcc.a
LOAD zephyr/arch/common/libisr_tables.a
LOAD /home/novello/zephyr3.7B/simplicity_sdk/platform/radio/rail_lib/autogen/librail_release/librail_efr32xg23_gcc_release.a
LOAD modules/picolibc/libc.a
LOAD /home/novello/SimplicityStudio_v5/developer/toolchains/gnu_arm/12.2.rel1_2023.7/bin/../lib/gcc/arm-none-eabi/12.2.1/thumb/v8-m.main+fp/hard/libgcc.a
                0x0000000000000020                _region_min_align = 0x20

.rel.plt        0x0000000008000000        0x0
 *(SORT_BY_ALIGNMENT(.rel.plt))
                [!provide]                        PROVIDE (__rel_iplt_start = .)
 *(SORT_BY_ALIGNMENT(.rel.iplt))
 .rel.iplt      0x0000000008000000        0x0 zephyr/CMakeFiles/zephyr_final.dir/isr_tables.c.obj
                [!provide]                        PROVIDE (__rel_iplt_end = .)

.rela.plt       0x0000000000000000        0x0
 *(SORT_BY_ALIGNMENT(.rela.plt))
                [!provide]                        PROVIDE (__rela_iplt_start = .)
 *(SORT_BY_ALIGNMENT(.rela.iplt))
                [!provide]                        PROVIDE (__rela_iplt_end = .)

.rel.dyn
 *(SORT_BY_ALIGNMENT(.rel.*))

.rela.dyn
 *(SORT_BY_ALIGNMENT(.rela.*))

/DISCARD/
 *(SORT_BY_ALIGNMENT(.plt))

/DISCARD/
 *(SORT_BY_ALIGNMENT(.iplt))
                0x0000000008000000                __rom_region_start = 0x8000000

rom_start       0x0000000008000000      0x16c
                0x0000000008000000                __rom_start_address = .
 FILL mask 0x00
                0x0000000008000000                . = (. + (0x0 - (. - __rom_start_address)))
                0x0000000008000000                . = ALIGN (0x4)
                0x0000000008000000                . = ALIGN (0x80)
                0x0000000008000000                . = ALIGN (0x200)
                0x0000000008000000                _vector_start = .
 *(SORT_BY_ALIGNMENT(.exc_vector_table))
 *(SORT_BY_ALIGNMENT(.exc_vector_table.*))
 .exc_vector_table._vector_table_section
                0x0000000008000000       0x40 zephyr/arch/arch/arm/core/cortex_m/libarch__arm__core__cortex_m.a(vector_table.S.obj)
                0x0000000008000000                _vector_table
 *(SORT_BY_ALIGNMENT(.vectors))
                0x000000000800016c                _vector_end = .
                0x0000000008000040                . = ALIGN (0x4)
 *(SORT_BY_ALIGNMENT(.gnu.linkonce.irq_vector_table*))
 .gnu.linkonce.irq_vector_table
                0x0000000008000040      0x12c zephyr/CMakeFiles/zephyr_final.dir/isr_tables.c.obj
                0x0000000008000040                _irq_vector_table
                0x000000000800016c                _vector_end = .

text            0x0000000008000180    0x15564
                0x0000000008000180                __text_region_start = .
 *(SORT_BY_ALIGNMENT(.text))
 .text          0x0000000008000180       0xd8 modules/picolibc/libc.a(strlen.S.obj)
                0x0000000008000180                strlen
 *fill*         0x0000000008000258        0x8 
 .text          0x0000000008000260      0x2e0 modules/picolibc/libc.a(strcmp.S.obj)
                0x0000000008000260                strcmp
 .text          0x0000000008000540       0xa0 /home/novello/SimplicityStudio_v5/developer/toolchains/gnu_arm/12.2.rel1_2023.7/bin/../lib/gcc/arm-none-eabi/12.2.1/thumb/v8-m.main+fp/hard/libgcc.a(_aeabi_ldivmod.o)
                0x0000000008000540                __aeabi_ldivmod
 .text          0x00000000080005e0       0x30 /home/novello/SimplicityStudio_v5/developer/toolchains/gnu_arm/12.2.rel1_2023.7/bin/../lib/gcc/arm-none-eabi/12.2.1/thumb/v8-m.main+fp/hard/libgcc.a(_aeabi_uldivmod.o)
                0x00000000080005e0                __aeabi_uldivmod
 .text          0x0000000008000610        0x4 /home/novello/SimplicityStudio_v5/developer/toolchains/gnu_arm/12.2.rel1_2023.7/bin/../lib/gcc/arm-none-eabi/12.2.1/thumb/v8-m.main+fp/hard/libgcc.a(_dvmd_tls.o)
                0x0000000008000610                __aeabi_ldiv0
                0x0000000008000610                __aeabi_idiv0
 .text          0x0000000008000614       0xbc modules/picolibc/libc.a(strcpy.S.obj)
                0x0000000008000614                strcpy
 .text          0x00000000080006d0       0xec modules/picolibc/libc.a(memcpy.S.obj)
                0x00000000080006d0                memcpy
                0x00000000080006d0                __aeabi_memcpy
                0x00000000080006d0                __aeabi_memcpy4
                0x00000000080006d0                __aeabi_memcpy8
 .text          0x00000000080007bc       0x9a modules/picolibc/libc.a(memset.S.obj)
                0x00000000080007bc                memset
 *(SORT_BY_ALIGNMENT(.text.*))
 *fill*         0x0000000008000856        0x2 
 .text.cmd_kernel_uptime
                0x0000000008000858      0x160 zephyr/libzephyr.a(kernel_service.c.obj)
 .text.clock_settime
                0x00000000080009b8       0xd4 zephyr/lib/posix/options/liblib__posix__options.a(clock.c.obj)
                0x00000000080009b8                clock_settime
 *fill*         0x0000000008000a8c        0x4 
 .text.k_work_queue_start
                0x0000000008000a90       0x8c zephyr/kernel/libkernel.a(work.c.obj)
                0x0000000008000a90                k_work_queue_start
 .text.error_run
                0x0000000008000b1c       0x30 app/libapp.a(main.c.obj)
 .text.received_run
                0x0000000008000b4c       0x30 app/libapp.a(main.c.obj)
 .text.sent_run
                0x0000000008000b7c       0x34 app/libapp.a(main.c.obj)
 .text.send_run
                0x0000000008000bb0       0x30 app/libapp.a(main.c.obj)
 .text.init_run
                0x0000000008000be0       0x8c app/libapp.a(main.c.obj)
 .text.main     0x0000000008000c6c       0x98 app/libapp.a(main.c.obj)
                0x0000000008000c6c                main
 .text.z_impl_gpio_pin_interrupt_configure
                0x0000000008000d04       0x34 app/libapp.a(app_gpio.c.obj)
 .text.init_button
                0x0000000008000d38       0x58 app/libapp.a(app_gpio.c.obj)
 .text.cli_send_packet
                0x0000000008000d90       0x1c app/libapp.a(app_cli.c.obj)
                0x0000000008000d90                cli_send_packet
 .text.cli_info
                0x0000000008000dac       0x2c app/libapp.a(app_cli.c.obj)
                0x0000000008000dac                cli_info
 .text.cli_receive_packet
                0x0000000008000dd8       0x50 app/libapp.a(app_cli.c.obj)
                0x0000000008000dd8                cli_receive_packet
 .text.set_up_tx_fifo
                0x0000000008000e28       0x28 app/libapp.a(app_rail.c.obj)
 .text.handle_sent
                0x0000000008000e50       0x14 app/libapp.a(app_rail.c.obj)
                0x0000000008000e50                handle_sent
 .text.handle_error
                0x0000000008000e64       0x1c app/libapp.a(app_rail.c.obj)
                0x0000000008000e64                handle_error
 .text.set_continuous_rx
                0x0000000008000e80       0xa4 app/libapp.a(app_rail.c.obj)
                0x0000000008000e80                set_continuous_rx
 .text.sl_rail_util_on_event
                0x0000000008000f24       0x88 app/libapp.a(app_rail.c.obj)
                0x0000000008000f24                sl_rail_util_on_event
 .text.prepare_package
                0x0000000008000fac       0x20 app/libapp.a(app_rail.c.obj)
                0x0000000008000fac                prepare_package
 .text.handle_send
                0x0000000008000fcc       0x50 app/libapp.a(app_rail.c.obj)
                0x0000000008000fcc                handle_send
 .text.handle_receive
                0x000000000800101c       0x64 app/libapp.a(app_rail.c.obj)
                0x000000000800101c                handle_receive
 .text.app_rail_init
                0x0000000008001080       0x44 app/libapp.a(app_rail.c.obj)
                0x0000000008001080                app_rail_init
 .text.sl_rail_util_init_inst0
                0x00000000080010c4       0xc0 app/libapp.a(sl_rail_util_init.c.obj)
 .text.sl_rail_util_get_handle
                0x0000000008001184       0x1c app/libapp.a(sl_rail_util_init.c.obj)
                0x0000000008001184                sl_rail_util_get_handle
 .text.char_out
                0x00000000080011a0       0x10 zephyr/libzephyr.a(printk.c.obj)
 .text.__printk_hook_install
                0x00000000080011b0        0xc zephyr/libzephyr.a(printk.c.obj)
                0x00000000080011b0                __printk_hook_install
 .text.vprintk  0x00000000080011bc       0x2c zephyr/libzephyr.a(printk.c.obj)
                0x00000000080011bc                vprintk
 .text.time_days_from_civil
                0x00000000080011e8      0x1a8 zephyr/libzephyr.a(timeutil.c.obj)
 .text.CHIP_Init
                0x0000000008001390       0x7c zephyr/libzephyr.a(soc.c.obj)
 .text.init_lfxo
                0x000000000800140c       0x40 zephyr/libzephyr.a(soc.c.obj)
 .text.mem_attr_get_regions
                0x000000000800144c        0xc zephyr/libzephyr.a(mem_attr.c.obj)
                0x000000000800144c                mem_attr_get_regions
 .text.cmd_kernel_version
                0x0000000008001458       0x18 zephyr/libzephyr.a(kernel_service.c.obj)
 .text.cmd_kernel_sleep
                0x0000000008001470       0x38 zephyr/libzephyr.a(kernel_service.c.obj)
 .text.cmd_kernel_threads
                0x00000000080014a8       0x38 zephyr/libzephyr.a(kernel_service.c.obj)
 .text.shell_tdata_dump
                0x00000000080014e0       0xc8 zephyr/libzephyr.a(kernel_service.c.obj)
 .text.shell_stack_dump
                0x00000000080015a8       0x68 zephyr/libzephyr.a(kernel_service.c.obj)
 .text.cmd_kernel_stacks
                0x0000000008001610       0x8c zephyr/libzephyr.a(kernel_service.c.obj)
 .text.cmd_kernel_cycles
                0x000000000800169c       0x1c zephyr/libzephyr.a(kernel_service.c.obj)
 .text.get_device_name
                0x00000000080016b8       0x20 zephyr/libzephyr.a(device_service.c.obj)
 .text.cmd_device_list
                0x00000000080016d8       0x74 zephyr/libzephyr.a(device_service.c.obj)
 .text.date_print
                0x000000000800174c       0x30 zephyr/libzephyr.a(date_service.c.obj)
 .text.get_y_m_d
                0x000000000800177c       0xd0 zephyr/libzephyr.a(date_service.c.obj)
 .text.get_h_m_s
                0x000000000800184c       0xe8 zephyr/libzephyr.a(date_service.c.obj)
 .text.cmd_date_set
                0x0000000008001934       0xd8 zephyr/libzephyr.a(date_service.c.obj)
 .text.memory_read
                0x0000000008001a0c       0x40 zephyr/libzephyr.a(devmem_service.c.obj)
 .text.memory_write
                0x0000000008001a4c       0x38 zephyr/libzephyr.a(devmem_service.c.obj)
 .text.cmd_devmem
                0x0000000008001a84       0x8c zephyr/libzephyr.a(devmem_service.c.obj)
 .text.set_bypass
                0x0000000008001b10       0x54 zephyr/libzephyr.a(devmem_service.c.obj)
 .text.cmd_load
                0x0000000008001b64       0xc0 zephyr/libzephyr.a(devmem_service.c.obj)
 .text.bypass_cb
                0x0000000008001c24      0x17c zephyr/libzephyr.a(devmem_service.c.obj)
 .text.memory_dump
                0x0000000008001da0       0xd8 zephyr/libzephyr.a(devmem_service.c.obj)
 .text.cmd_dump
                0x0000000008001e78      0x130 zephyr/libzephyr.a(devmem_service.c.obj)
 .text.irq_init
                0x0000000008001fa8       0x4c zephyr/libzephyr.a(shell_uart.c.obj)
 .text.enable_shell_uart
                0x0000000008001ff4       0x38 zephyr/libzephyr.a(shell_uart.c.obj)
 .text.state_set
                0x000000000800202c       0x4c zephyr/libzephyr.a(shell.c.obj)
 .text.z_clear_eos
                0x0000000008002078       0x20 zephyr/libzephyr.a(shell.c.obj)
 .text.shell_internal_help_print
                0x0000000008002098       0x20 zephyr/libzephyr.a(shell.c.obj)
 .text.cmd_precheck
                0x00000000080020b8       0x28 zephyr/libzephyr.a(shell.c.obj)
 .text.exec_cmd
                0x00000000080020e0       0xc8 zephyr/libzephyr.a(shell.c.obj)
 .text.wildcard_check_report
                0x00000000080021a8       0x30 zephyr/libzephyr.a(shell.c.obj)
 .text.execute  0x00000000080021d8      0x238 zephyr/libzephyr.a(shell.c.obj)
 .text.tab_prepare
                0x0000000008002410       0xb8 zephyr/libzephyr.a(shell.c.obj)
 .text.autocomplete
                0x00000000080024c8       0x98 zephyr/libzephyr.a(shell.c.obj)
 .text.tab_item_print
                0x0000000008002560       0x84 zephyr/libzephyr.a(shell.c.obj)
 .text.tab_options_print
                0x00000000080025e4       0x80 zephyr/libzephyr.a(shell.c.obj)
 .text.ctrl_metakeys_handle
                0x0000000008002664       0xec zephyr/libzephyr.a(shell.c.obj)
 .text.state_collect
                0x0000000008002750      0x328 zephyr/libzephyr.a(shell.c.obj)
 .text.shell_start
                0x0000000008002a78       0x5c zephyr/libzephyr.a(shell.c.obj)
                0x0000000008002a78                shell_start
 .text.shell_thread
                0x0000000008002ad4       0xbc zephyr/libzephyr.a(shell.c.obj)
                0x0000000008002ad4                shell_thread
 .text.cmd_help
                0x0000000008002b90       0x4c zephyr/libzephyr.a(shell.c.obj)
 .text.shell_hexdump_line
                0x0000000008002bdc       0xd0 zephyr/libzephyr.a(shell.c.obj)
                0x0000000008002bdc                shell_hexdump_line
 .text.instance_init
                0x0000000008002cac       0xa8 zephyr/libzephyr.a(shell.c.obj)
 .text.shell_init
                0x0000000008002d54       0x60 zephyr/libzephyr.a(shell.c.obj)
                0x0000000008002d54                shell_init
 .text.z_shell_fprintf_fmt
                0x0000000008002db4       0x24 zephyr/libzephyr.a(shell_fprintf.c.obj)
                0x0000000008002db4                z_shell_fprintf_fmt
 .text.buffer_trim
                0x0000000008002dd8       0x5c zephyr/libzephyr.a(shell_utils.c.obj)
 .text.make_argv
                0x0000000008002e34      0x194 zephyr/libzephyr.a(shell_utils.c.obj)
 .text.z_shell_make_argv
                0x0000000008002fc8       0x4c zephyr/libzephyr.a(shell_utils.c.obj)
                0x0000000008002fc8                z_shell_make_argv
 .text.z_shell_cmd_get
                0x0000000008003014       0x7c zephyr/libzephyr.a(shell_utils.c.obj)
                0x0000000008003014                z_shell_cmd_get
 .text.z_shell_spaces_trim
                0x0000000008003090       0x78 zephyr/libzephyr.a(shell_utils.c.obj)
                0x0000000008003090                z_shell_spaces_trim
 .text.shift_calc
                0x0000000008003108       0x44 zephyr/libzephyr.a(shell_ops.c.obj)
 .text.z_cursor_save
                0x000000000800314c       0x20 zephyr/libzephyr.a(shell_ops.c.obj)
 .text.z_clear_eos
                0x000000000800316c       0x20 zephyr/libzephyr.a(shell_ops.c.obj)
 .text.z_cursor_restore
                0x000000000800318c       0x20 zephyr/libzephyr.a(shell_ops.c.obj)
 .text.vt100_bgcolor_set
                0x00000000080031ac       0x38 zephyr/libzephyr.a(shell_ops.c.obj)
 .text.z_shell_op_cursor_vert_move
                0x00000000080031e4       0x34 zephyr/libzephyr.a(shell_ops.c.obj)
                0x00000000080031e4                z_shell_op_cursor_vert_move
 .text.z_shell_op_cursor_horiz_move
                0x0000000008003218       0x34 zephyr/libzephyr.a(shell_ops.c.obj)
                0x0000000008003218                z_shell_op_cursor_horiz_move
 .text.char_replace
                0x000000000800324c       0x54 zephyr/libzephyr.a(shell_ops.c.obj)
 .text.z_shell_op_cond_next_line
                0x00000000080032a0       0x20 zephyr/libzephyr.a(shell_ops.c.obj)
                0x00000000080032a0                z_shell_op_cond_next_line
 .text.z_shell_op_cursor_position_synchronize
                0x00000000080032c0       0x5c zephyr/libzephyr.a(shell_ops.c.obj)
                0x00000000080032c0                z_shell_op_cursor_position_synchronize
 .text.z_shell_print_cmd
                0x000000000800331c       0x80 zephyr/libzephyr.a(shell_ops.c.obj)
                0x000000000800331c                z_shell_print_cmd
 .text.z_shell_vt100_color_set
                0x000000000800339c       0x54 zephyr/libzephyr.a(shell_ops.c.obj)
                0x000000000800339c                z_shell_vt100_color_set
 .text.z_shell_op_word_remove
                0x00000000080033f0       0xa0 zephyr/libzephyr.a(shell_ops.c.obj)
                0x00000000080033f0                z_shell_op_word_remove
 .text.reprint_from_cursor
                0x0000000008003490       0x88 zephyr/libzephyr.a(shell_ops.c.obj)
 .text.print_prompt
                0x0000000008003518       0x14 zephyr/libzephyr.a(shell_ops.c.obj)
 .text.formatted_text_print
                0x000000000800352c      0x104 zephyr/libzephyr.a(shell_help.c.obj)
 .text.help_item_print
                0x0000000008003630       0x60 zephyr/libzephyr.a(shell_help.c.obj)
 .text.z_shell_help_cmd_print
                0x0000000008003690       0x44 zephyr/libzephyr.a(shell_help.c.obj)
                0x0000000008003690                z_shell_help_cmd_print
 .text.z_shell_help_request
                0x00000000080036d4       0x2c zephyr/libzephyr.a(shell_help.c.obj)
                0x00000000080036d4                z_shell_help_request
 .text.cmd_clear
                0x0000000008003700       0x3c zephyr/libzephyr.a(shell_cmds.c.obj)
 .text.z_cursor_save
                0x000000000800373c       0x20 zephyr/libzephyr.a(shell_cmds.c.obj)
 .text.z_cursor_restore
                0x000000000800375c       0x20 zephyr/libzephyr.a(shell_cmds.c.obj)
 .text.cmd_resize_default
                0x000000000800377c       0x30 zephyr/libzephyr.a(shell_cmds.c.obj)
 .text.cmd_shell_stats_show
                0x00000000080037ac       0x18 zephyr/libzephyr.a(shell_cmds.c.obj)
 .text.cmd_echo
                0x00000000080037c4       0x58 zephyr/libzephyr.a(shell_cmds.c.obj)
 .text.cmd_backends
                0x000000000800381c       0x4c zephyr/libzephyr.a(shell_cmds.c.obj)
 .text.cmd_prompt_off
                0x0000000008003868       0x10 zephyr/libzephyr.a(shell_cmds.c.obj)
 .text.cmd_history
                0x0000000008003878       0x4c zephyr/libzephyr.a(shell_cmds.c.obj)
 .text.cursor_position_get
                0x00000000080038c4      0x14c zephyr/libzephyr.a(shell_cmds.c.obj)
 .text.cmd_resize
                0x0000000008003a10       0x54 zephyr/libzephyr.a(shell_cmds.c.obj)
 .text.cmd_get_retval
                0x0000000008003a64       0x1c zephyr/libzephyr.a(shell_cmds.c.obj)
 .text.commands_expand
                0x0000000008003a80       0x90 zephyr/libzephyr.a(shell_wildcard.c.obj)
 .text.RAIL_InitTxPowerCurvesAlt
                0x0000000008003b10       0x28 zephyr/libzephyr.a(pa_conversions_efr32.c.obj)
                0x0000000008003b10                RAIL_InitTxPowerCurvesAlt
 .text.RAIL_ConvertDbmToRaw
                0x0000000008003b38      0x120 zephyr/libzephyr.a(pa_conversions_efr32.c.obj)
                0x0000000008003b38                RAIL_ConvertDbmToRaw
 .text.RAIL_ConvertRawToDbm
                0x0000000008003c58       0xfc zephyr/libzephyr.a(pa_conversions_efr32.c.obj)
                0x0000000008003c58                RAIL_ConvertRawToDbm
 .text.sl_rail_util_pa_init
                0x0000000008003d54       0x14 zephyr/libzephyr.a(pa_conversions_efr32.c.obj)
                0x0000000008003d54                sl_rail_util_pa_init
 .text.sl_rail_util_pa_on_channel_config_change
                0x0000000008003d68       0x70 zephyr/libzephyr.a(pa_conversions_efr32.c.obj)
                0x0000000008003d68                sl_rail_util_pa_on_channel_config_change
 .text.sl_rail_util_protocol_config_zwave
                0x0000000008003dd8      0x190 zephyr/libzephyr.a(sl_rail_util_protocol.c.obj)
 .text.SYSTEM_ChipRevisionGet
                0x0000000008003f68       0x24 zephyr/libzephyr.a(em_system.c.obj)
                0x0000000008003f68                SYSTEM_ChipRevisionGet
 .text.SYSTEM_GetUnique
                0x0000000008003f8c        0xc zephyr/libzephyr.a(em_system.c.obj)
                0x0000000008003f8c                SYSTEM_GetUnique
 .text.rhclkPrescMax
                0x0000000008003f98       0x10 zephyr/libzephyr.a(em_cmu.c.obj)
 .text.HFRCODPLLDevinfoGet
                0x0000000008003fa8      0x104 zephyr/libzephyr.a(em_cmu.c.obj)
 .text.em01GrpaClkGet
                0x00000000080040ac       0x68 zephyr/libzephyr.a(em_cmu.c.obj)
 .text.em01GrpcClkGet
                0x0000000008004114       0x64 zephyr/libzephyr.a(em_cmu.c.obj)
 .text.iadcClkGet
                0x0000000008004178       0x54 zephyr/libzephyr.a(em_cmu.c.obj)
 .text.lesenseHFClkGet
                0x00000000080041cc       0x3c zephyr/libzephyr.a(em_cmu.c.obj)
 .text.eusart0ClkGet
                0x0000000008004208       0x68 zephyr/libzephyr.a(em_cmu.c.obj)
 .text.em23GrpaClkGet
                0x0000000008004270       0x4c zephyr/libzephyr.a(em_cmu.c.obj)
 .text.vdac0ClkGet
                0x00000000080042bc       0x64 zephyr/libzephyr.a(em_cmu.c.obj)
 .text.pcnt0ClkGet
                0x0000000008004320       0x44 zephyr/libzephyr.a(em_cmu.c.obj)
 .text.wdog0ClkGet
                0x0000000008004364       0x58 zephyr/libzephyr.a(em_cmu.c.obj)
 .text.wdog1ClkGet
                0x00000000080043bc       0x58 zephyr/libzephyr.a(em_cmu.c.obj)
 .text.sysrtcClkGet
                0x0000000008004414       0x4c zephyr/libzephyr.a(em_cmu.c.obj)
 .text.lcdClkGet
                0x0000000008004460       0x48 zephyr/libzephyr.a(em_cmu.c.obj)
 .text.em4GrpaClkGet
                0x00000000080044a8       0x4c zephyr/libzephyr.a(em_cmu.c.obj)
 .text.dpllRefClkGet
                0x00000000080044f4       0x4c zephyr/libzephyr.a(em_cmu.c.obj)
 .text.CMU_ClockDivGet
                0x0000000008004540       0x5c zephyr/libzephyr.a(em_cmu.c.obj)
                0x0000000008004540                CMU_ClockDivGet
 .text.flashWaitStateControl
                0x000000000800459c       0x74 zephyr/libzephyr.a(em_cmu.c.obj)
 .text.CMU_ClockEnable
                0x0000000008004610       0x3c zephyr/libzephyr.a(em_cmu.c.obj)
                0x0000000008004610                CMU_ClockEnable
 .text.rhclkPrescOptimize
                0x000000000800464c       0x20 zephyr/libzephyr.a(em_cmu.c.obj)
 .text.CMU_ClockSelectGet
                0x000000000800466c      0x1b8 zephyr/libzephyr.a(em_cmu.c.obj)
                0x000000000800466c                CMU_ClockSelectGet
 .text.CMU_HFXOInit
                0x0000000008004824      0x1b4 zephyr/libzephyr.a(em_cmu.c.obj)
                0x0000000008004824                CMU_HFXOInit
 .text.CMU_HFXOCTuneDeltaGet
                0x00000000080049d8        0xc zephyr/libzephyr.a(em_cmu.c.obj)
                0x00000000080049d8                CMU_HFXOCTuneDeltaGet
 .text.CMU_LFXOInit
                0x00000000080049e4       0x88 zephyr/libzephyr.a(em_cmu.c.obj)
                0x00000000080049e4                CMU_LFXOInit
 .text.CMU_HFXOPrecisionSet
                0x0000000008004a6c        0xc zephyr/libzephyr.a(em_cmu.c.obj)
                0x0000000008004a6c                CMU_HFXOPrecisionSet
 .text.CMU_ClockDivSet
                0x0000000008004a78       0xb4 zephyr/libzephyr.a(em_cmu.c.obj)
                0x0000000008004a78                CMU_ClockDivSet
 .text.pclkDivOptimize
                0x0000000008004b2c       0x24 zephyr/libzephyr.a(em_cmu.c.obj)
 .text.sli_em_cmu_SYSCLKInitPostClockSelect
                0x0000000008004b50       0x40 zephyr/libzephyr.a(em_cmu.c.obj)
                0x0000000008004b50                sli_em_cmu_SYSCLKInitPostClockSelect
 .text.CMU_ClockSelectSet
                0x0000000008004b90      0x58c zephyr/libzephyr.a(em_cmu.c.obj)
                0x0000000008004b90                CMU_ClockSelectSet
 .text.CMU_DPLLLock
                0x000000000800511c      0x234 zephyr/libzephyr.a(em_cmu.c.obj)
                0x000000000800511c                CMU_DPLLLock
 .text.sl_device_init_dcdc
                0x0000000008005350       0x28 zephyr/libzephyr.a(sl_device_init_dcdc_s2.c.obj)
                0x0000000008005350                sl_device_init_dcdc
 .text.sl_device_init_dpll
                0x0000000008005378       0x80 zephyr/libzephyr.a(sl_device_init_dpll_s2.c.obj)
                0x0000000008005378                sl_device_init_dpll
 .text.sl_device_init_emu
                0x00000000080053f8       0x28 zephyr/libzephyr.a(sl_device_init_emu_s2.c.obj)
                0x00000000080053f8                sl_device_init_emu
 .text.sl_device_init_hfxo
                0x0000000008005420       0x84 zephyr/libzephyr.a(sl_device_init_hfxo_s2.c.obj)
                0x0000000008005420                sl_device_init_hfxo
 .text.EMU_EM4Init
                0x00000000080054a4       0x14 zephyr/libzephyr.a(em_emu.c.obj)
                0x00000000080054a4                EMU_EM4Init
 .text.EMU_VScaleEM01
                0x00000000080054b8       0x8c zephyr/libzephyr.a(em_emu.c.obj)
                0x00000000080054b8                EMU_VScaleEM01
 .text.EMU_VScaleEM01ByClock
                0x0000000008005544       0x38 zephyr/libzephyr.a(em_emu.c.obj)
                0x0000000008005544                EMU_VScaleEM01ByClock
 .text.EMU_DCDCModeSet
                0x000000000800557c       0xd0 zephyr/libzephyr.a(em_emu.c.obj)
                0x000000000800557c                EMU_DCDCModeSet
 .text.EMU_DCDCInit
                0x000000000800564c       0x7c zephyr/libzephyr.a(em_emu.c.obj)
                0x000000000800564c                EMU_DCDCInit
 .text.EMU_DCDCSetPFMXTimeoutMaxCtrl
                0x00000000080056c8       0x60 zephyr/libzephyr.a(em_emu.c.obj)
                0x00000000080056c8                EMU_DCDCSetPFMXTimeoutMaxCtrl
 .text.GPIO_ExtIntConfig
                0x0000000008005728       0xd4 zephyr/libzephyr.a(em_gpio.c.obj)
                0x0000000008005728                GPIO_ExtIntConfig
 .text.GPIO_PinModeSet
                0x00000000080057fc       0xa0 zephyr/libzephyr.a(em_gpio.c.obj)
                0x00000000080057fc                GPIO_PinModeSet
 .text.prsRxInput
                0x000000000800589c       0x20 zephyr/libzephyr.a(em_usart.c.obj)
 .text.USART_BaudrateAsyncSet
                0x00000000080058bc       0x60 zephyr/libzephyr.a(em_usart.c.obj)
                0x00000000080058bc                USART_BaudrateAsyncSet
 .text.USART_Reset
                0x000000000800591c       0x4c zephyr/libzephyr.a(em_usart.c.obj)
                0x000000000800591c                USART_Reset
 .text.USART_InitAsync
                0x0000000008005968       0xb8 zephyr/libzephyr.a(em_usart.c.obj)
                0x0000000008005968                USART_InitAsync
 .text.SystemHFRCODPLLClockGet
                0x0000000008005a20        0xc zephyr/libzephyr.a(system_efr32zg23.c.obj)
                0x0000000008005a20                SystemHFRCODPLLClockGet
 .text.SystemHFRCODPLLClockSet
                0x0000000008005a2c        0xc zephyr/libzephyr.a(system_efr32zg23.c.obj)
                0x0000000008005a2c                SystemHFRCODPLLClockSet
 .text.SystemSYSCLKGet
                0x0000000008005a38       0x34 zephyr/libzephyr.a(system_efr32zg23.c.obj)
                0x0000000008005a38                SystemSYSCLKGet
 .text.SystemHCLKGet
                0x0000000008005a6c       0x24 zephyr/libzephyr.a(system_efr32zg23.c.obj)
                0x0000000008005a6c                SystemHCLKGet
 .text.SystemMaxCoreClockGet
                0x0000000008005a90        0x8 zephyr/libzephyr.a(system_efr32zg23.c.obj)
                0x0000000008005a90                SystemMaxCoreClockGet
 .text.SystemHFXOClockGet
                0x0000000008005a98        0xc zephyr/libzephyr.a(system_efr32zg23.c.obj)
                0x0000000008005a98                SystemHFXOClockGet
 .text.SystemHFXOClockSet
                0x0000000008005aa4       0x24 zephyr/libzephyr.a(system_efr32zg23.c.obj)
                0x0000000008005aa4                SystemHFXOClockSet
 .text.SystemFSRCOClockGet
                0x0000000008005ac8        0x8 zephyr/libzephyr.a(system_efr32zg23.c.obj)
                0x0000000008005ac8                SystemFSRCOClockGet
 .text.SystemHFRCOEM23ClockGet
                0x0000000008005ad0       0x88 zephyr/libzephyr.a(system_efr32zg23.c.obj)
                0x0000000008005ad0                SystemHFRCOEM23ClockGet
 .text.SystemLFXOClockGet
                0x0000000008005b58        0xc zephyr/libzephyr.a(system_efr32zg23.c.obj)
                0x0000000008005b58                SystemLFXOClockGet
 .text.SystemLFXOClockSet
                0x0000000008005b64        0xc zephyr/libzephyr.a(system_efr32zg23.c.obj)
                0x0000000008005b64                SystemLFXOClockSet
 .text.z_SysNmiOnReset
                0x0000000008005b70        0x8 zephyr/arch/arch/arm/core/libarch__arm__core.a(nmi_on_reset.S.obj)
                0x0000000008005b70                z_SysNmiOnReset
 .text._HandlerModeExit
                0x0000000008005b78       0x30 zephyr/arch/arch/arm/core/cortex_m/libarch__arm__core__cortex_m.a(exc_exit.c.obj)
                0x0000000008005b78                z_arm_exc_exit
                0x0000000008005b78                z_arm_int_exit
 .text.mem_manage_fault
                0x0000000008005ba8       0xa4 zephyr/arch/arch/arm/core/cortex_m/libarch__arm__core__cortex_m.a(fault.c.obj)
 .text.bus_fault
                0x0000000008005c4c       0x8c zephyr/arch/arch/arm/core/cortex_m/libarch__arm__core__cortex_m.a(fault.c.obj)
 .text.usage_fault
                0x0000000008005cd8       0x70 zephyr/arch/arch/arm/core/cortex_m/libarch__arm__core__cortex_m.a(fault.c.obj)
 .text.z_arm_is_synchronous_svc
                0x0000000008005d48       0x3c zephyr/arch/arch/arm/core/cortex_m/libarch__arm__core__cortex_m.a(fault.c.obj)
 .text.hard_fault
                0x0000000008005d84       0x78 zephyr/arch/arch/arm/core/cortex_m/libarch__arm__core__cortex_m.a(fault.c.obj)
 .text.z_arm_fault
                0x0000000008005dfc       0x94 zephyr/arch/arch/arm/core/cortex_m/libarch__arm__core__cortex_m.a(fault.c.obj)
                0x0000000008005dfc                z_arm_fault
 .text.z_arm_fault_init
                0x0000000008005e90       0x18 zephyr/arch/arch/arm/core/cortex_m/libarch__arm__core__cortex_m.a(fault.c.obj)
                0x0000000008005e90                z_arm_fault_init
 .text.__fault  0x0000000008005ea8       0x14 zephyr/arch/arch/arm/core/cortex_m/libarch__arm__core__cortex_m.a(fault_s.S.obj)
                0x0000000008005ea8                z_arm_bus_fault
                0x0000000008005ea8                z_arm_usage_fault
                0x0000000008005ea8                z_arm_mpu_fault
                0x0000000008005ea8                z_arm_exc_spurious
                0x0000000008005ea8                z_arm_debug_monitor
                0x0000000008005ea8                z_arm_hard_fault
 .text._reset_section
                0x0000000008005ebc       0x38 zephyr/arch/arch/arm/core/cortex_m/libarch__arm__core__cortex_m.a(reset.S.obj)
                0x0000000008005ebc                z_arm_reset
                0x0000000008005ebc                __start
 .text.z_impl_k_thread_abort
                0x0000000008005ef4       0x34 zephyr/arch/arch/arm/core/cortex_m/libarch__arm__core__cortex_m.a(thread_abort.c.obj)
                0x0000000008005ef4                z_impl_k_thread_abort
 .text.arch_swap
                0x0000000008005f28       0x34 zephyr/arch/arch/arm/core/cortex_m/libarch__arm__core__cortex_m.a(swap.c.obj)
                0x0000000008005f28                arch_swap
 .text.z_arm_pendsv_c
                0x0000000008005f5c       0x48 zephyr/arch/arch/arm/core/cortex_m/libarch__arm__core__cortex_m.a(swap.c.obj)
                0x0000000008005f5c                z_arm_pendsv_c
 .text.z_arm_pendsv
                0x0000000008005fa4       0x7c zephyr/arch/arch/arm/core/cortex_m/libarch__arm__core__cortex_m.a(swap_helper.S.obj)
                0x0000000008005fa4                z_arm_pendsv
 .text.z_arm_svc
                0x0000000008006020       0x20 zephyr/arch/arch/arm/core/cortex_m/libarch__arm__core__cortex_m.a(swap_helper.S.obj)
                0x0000000008006020                z_arm_svc
 .text.__NVIC_EnableIRQ
                0x0000000008006040       0x1c zephyr/arch/arch/arm/core/cortex_m/libarch__arm__core__cortex_m.a(irq_manage.c.obj)
 .text.__NVIC_SetPriority
                0x000000000800605c       0x28 zephyr/arch/arch/arm/core/cortex_m/libarch__arm__core__cortex_m.a(irq_manage.c.obj)
 .text.z_arm_floating_point_init
                0x0000000008006084       0x38 zephyr/arch/arch/arm/core/cortex_m/libarch__arm__core__cortex_m.a(prep_c.c.obj)
 .text.z_prep_c
                0x00000000080060bc       0x30 zephyr/arch/arch/arm/core/cortex_m/libarch__arm__core__cortex_m.a(prep_c.c.obj)
                0x00000000080060bc                z_prep_c
 .text.arch_new_thread
                0x00000000080060ec       0x50 zephyr/arch/arch/arm/core/cortex_m/libarch__arm__core__cortex_m.a(thread.c.obj)
                0x00000000080060ec                arch_new_thread
 .text.arch_float_disable
                0x000000000800613c       0x50 zephyr/arch/arch/arm/core/cortex_m/libarch__arm__core__cortex_m.a(thread.c.obj)
                0x000000000800613c                arch_float_disable
 .text.arch_switch_to_main_thread
                0x000000000800618c       0x44 zephyr/arch/arch/arm/core/cortex_m/libarch__arm__core__cortex_m.a(thread.c.obj)
                0x000000000800618c                arch_switch_to_main_thread
 .text.z_arm_cpu_idle_init
                0x00000000080061d0        0xc zephyr/arch/arch/arm/core/cortex_m/libarch__arm__core__cortex_m.a(cpu_idle.c.obj)
                0x00000000080061d0                z_arm_cpu_idle_init
 .text.z_arm_interrupt_init
                0x00000000080061dc       0x34 zephyr/arch/arch/arm/core/cortex_m/libarch__arm__core__cortex_m.a(irq_init.c.obj)
                0x00000000080061dc                z_arm_interrupt_init
 .text._isr_wrapper
                0x0000000008006210       0x20 zephyr/arch/arch/arm/core/cortex_m/libarch__arm__core__cortex_m.a(isr_wrapper.c.obj)
                0x0000000008006210                _isr_wrapper
 .text.z_arm_configure_static_mpu_regions
                0x0000000008006230       0x40 zephyr/arch/arch/arm/core/mpu/libarch__arm__core__mpu.a(arm_core_mpu.c.obj)
                0x0000000008006230                z_arm_configure_static_mpu_regions
 .text.mpu_init
                0x0000000008006270       0x14 zephyr/arch/arch/arm/core/mpu/libarch__arm__core__mpu.a(arm_mpu.c.obj)
 .text.mpu_set_region
                0x0000000008006284       0x14 zephyr/arch/arch/arm/core/mpu/libarch__arm__core__mpu.a(arm_mpu.c.obj)
 .text.mpu_region_get_conf
                0x0000000008006298       0x40 zephyr/arch/arch/arm/core/mpu/libarch__arm__core__mpu.a(arm_mpu.c.obj)
 .text.region_allocate_and_init
                0x00000000080062d8       0x28 zephyr/arch/arch/arm/core/mpu/libarch__arm__core__mpu.a(arm_mpu.c.obj)
 .text.mpu_configure_regions_and_partition
                0x0000000008006300      0x188 zephyr/arch/arch/arm/core/mpu/libarch__arm__core__mpu.a(arm_mpu.c.obj)
 .text.mpu_configure_static_mpu_regions
                0x0000000008006488       0x14 zephyr/arch/arch/arm/core/mpu/libarch__arm__core__mpu.a(arm_mpu.c.obj)
 .text.mpu_mark_areas_for_dynamic_regions
                0x000000000800649c       0x60 zephyr/arch/arch/arm/core/mpu/libarch__arm__core__mpu.a(arm_mpu.c.obj)
 .text.arm_core_mpu_enable
                0x00000000080064fc       0x18 zephyr/arch/arch/arm/core/mpu/libarch__arm__core__mpu.a(arm_mpu.c.obj)
                0x00000000080064fc                arm_core_mpu_enable
 .text.arm_core_mpu_disable
                0x0000000008006514       0x14 zephyr/arch/arch/arm/core/mpu/libarch__arm__core__mpu.a(arm_mpu.c.obj)
                0x0000000008006514                arm_core_mpu_disable
 .text.z_arm_mpu_init
                0x0000000008006528       0x80 zephyr/arch/arch/arm/core/mpu/libarch__arm__core__mpu.a(arm_mpu.c.obj)
                0x0000000008006528                z_arm_mpu_init
 .text.z_impl_zephyr_fputc
                0x00000000080065a8       0x10 zephyr/lib/libc/picolibc/liblib__libc__picolibc.a(libc-hooks.c.obj)
                0x00000000080065a8                z_impl_zephyr_fputc
 .text.__stdout_hook_install
                0x00000000080065b8       0x18 zephyr/lib/libc/picolibc/liblib__libc__picolibc.a(libc-hooks.c.obj)
                0x00000000080065b8                __stdout_hook_install
 .text.cbvprintf
                0x00000000080065d0       0x34 zephyr/lib/libc/picolibc/liblib__libc__picolibc.a(libc-hooks.c.obj)
                0x00000000080065d0                cbvprintf
 .text.malloc_prepare
                0x0000000008006604       0x24 zephyr/lib/libc/common/liblib__libc__common.a(malloc.c.obj)
 .text.rangematch
                0x0000000008006628      0x148 zephyr/lib/posix/options/liblib__posix__options.a(fnmatch.c.obj)
 .text.fnmatchx
                0x0000000008006770      0x28c zephyr/lib/posix/options/liblib__posix__options.a(fnmatch.c.obj)
 .text.getopt_init
                0x00000000080069fc       0x48 zephyr/lib/posix/options/liblib__posix__options.a(getopt.c.obj)
                0x00000000080069fc                getopt_init
 .text.getopt   0x0000000008006a44      0x130 zephyr/lib/posix/options/liblib__posix__options.a(getopt.c.obj)
                0x0000000008006a44                getopt
 .text.z_getopt_global_state_update
                0x0000000008006b74       0x34 zephyr/lib/posix/options/liblib__posix__options.a(getopt_common.c.obj)
                0x0000000008006b74                z_getopt_global_state_update
 .text.getopt_state_get
                0x0000000008006ba8        0x8 zephyr/lib/posix/options/liblib__posix__options.a(getopt_common.c.obj)
                0x0000000008006ba8                getopt_state_get
 .text.z_impl___posix_clock_get_base
                0x0000000008006bb0       0x58 zephyr/lib/posix/options/liblib__posix__options.a(clock.c.obj)
                0x0000000008006bb0                z_impl___posix_clock_get_base
 .text.clock_gettime
                0x0000000008006c08       0x94 zephyr/lib/posix/options/liblib__posix__options.a(clock.c.obj)
                0x0000000008006c08                clock_gettime
 .text.autecradio_init
                0x0000000008006c9c       0x2c zephyr/boards/boards/arm/autecradio/lib..__autec-dir__boards__silabs__autecradio.a(board.c.obj)
 .text.console_out
                0x0000000008006cc8       0x28 zephyr/drivers/console/libdrivers__console.a(uart_console.c.obj)
 .text.uart_console_hook_install
                0x0000000008006cf0       0x18 zephyr/drivers/console/libdrivers__console.a(uart_console.c.obj)
 .text.uart_console_init
                0x0000000008006d08       0x1c zephyr/drivers/console/libdrivers__console.a(uart_console.c.obj)
 .text.gpio_gecko_port_set_masked_raw
                0x0000000008006d24       0x2c zephyr/drivers/gpio/libdrivers__gpio.a(gpio_gecko.c.obj)
 .text.gpio_gecko_port_set_bits_raw
                0x0000000008006d50       0x18 zephyr/drivers/gpio/libdrivers__gpio.a(gpio_gecko.c.obj)
 .text.gpio_gecko_port_clear_bits_raw
                0x0000000008006d68       0x18 zephyr/drivers/gpio/libdrivers__gpio.a(gpio_gecko.c.obj)
 .text.gpio_gecko_port_toggle_bits
                0x0000000008006d80       0x18 zephyr/drivers/gpio/libdrivers__gpio.a(gpio_gecko.c.obj)
 .text.gpio_gecko_common_isr
                0x0000000008006d98       0x40 zephyr/drivers/gpio/libdrivers__gpio.a(gpio_gecko.c.obj)
 .text.gpio_gecko_port0_init
                0x0000000008006dd8       0x14 zephyr/drivers/gpio/libdrivers__gpio.a(gpio_gecko.c.obj)
 .text.gpio_gecko_port1_init
                0x0000000008006dec       0x14 zephyr/drivers/gpio/libdrivers__gpio.a(gpio_gecko.c.obj)
 .text.gpio_gecko_port2_init
                0x0000000008006e00       0x14 zephyr/drivers/gpio/libdrivers__gpio.a(gpio_gecko.c.obj)
 .text.gpio_gecko_port3_init
                0x0000000008006e14       0x14 zephyr/drivers/gpio/libdrivers__gpio.a(gpio_gecko.c.obj)
 .text.gpio_gecko_common_init
                0x0000000008006e28       0x38 zephyr/drivers/gpio/libdrivers__gpio.a(gpio_gecko.c.obj)
 .text.gpio_gecko_pin_interrupt_configure
                0x0000000008006e60       0x94 zephyr/drivers/gpio/libdrivers__gpio.a(gpio_gecko.c.obj)
 .text.gpio_gecko_configure
                0x0000000008006ef4       0x78 zephyr/drivers/gpio/libdrivers__gpio.a(gpio_gecko.c.obj)
 .text.pinctrl_configure_pins
                0x0000000008006f6c       0xa4 zephyr/drivers/pinctrl/libdrivers__pinctrl.a(pinctrl_gecko.c.obj)
                0x0000000008006f6c                pinctrl_configure_pins
 .text.regulator_delay
                0x0000000008007010       0x2c zephyr/drivers/regulator/libdrivers__regulator.a(regulator_common.c.obj)
 .text.uart_gecko_init
                0x000000000800703c       0x4c zephyr/drivers/serial/libdrivers__serial.a(uart_gecko.c.obj)
 .text.elapsed  0x0000000008007088       0x48 zephyr/drivers/timer/libdrivers__timer.a(cortex_m_systick.c.obj)
 .text.sys_clock_driver_init
                0x00000000080070d0       0x38 zephyr/drivers/timer/libdrivers__timer.a(cortex_m_systick.c.obj)
 .text.sys_clock_isr
                0x0000000008007108       0x48 zephyr/drivers/timer/libdrivers__timer.a(cortex_m_systick.c.obj)
                0x0000000008007108                sys_clock_isr
 .text.sys_clock_set_timeout
                0x0000000008007150      0x104 zephyr/drivers/timer/libdrivers__timer.a(cortex_m_systick.c.obj)
                0x0000000008007150                sys_clock_set_timeout
 .text.sys_clock_elapsed
                0x0000000008007254       0x40 zephyr/drivers/timer/libdrivers__timer.a(cortex_m_systick.c.obj)
                0x0000000008007254                sys_clock_elapsed
 .text.sys_clock_cycle_get_32
                0x0000000008007294       0x28 zephyr/drivers/timer/libdrivers__timer.a(cortex_m_systick.c.obj)
                0x0000000008007294                sys_clock_cycle_get_32
 .text.z_device_state_init
                0x00000000080072bc       0x18 zephyr/kernel/libkernel.a(device.c.obj)
                0x00000000080072bc                z_device_state_init
 .text.z_device_get_all_static
                0x00000000080072d4       0x20 zephyr/kernel/libkernel.a(device.c.obj)
                0x00000000080072d4                z_device_get_all_static
 .text.z_impl_z_errno
                0x00000000080072f4        0xc zephyr/kernel/libkernel.a(errno.c.obj)
                0x00000000080072f4                z_impl_z_errno
 .text.z_fatal_error
                0x0000000008007300       0x2c zephyr/kernel/libkernel.a(fatal.c.obj)
                0x0000000008007300                z_fatal_error
 .text.z_sys_init_run_level
                0x000000000800732c       0x34 zephyr/kernel/libkernel.a(init.c.obj)
 .text.init_idle_thread
                0x0000000008007360       0x64 zephyr/kernel/libkernel.a(init.c.obj)
 .text.thread_schedule_new
                0x00000000080073c4       0x1c zephyr/kernel/libkernel.a(init.c.obj)
 .text.z_init_static_threads
                0x00000000080073e0       0x70 zephyr/kernel/libkernel.a(init.c.obj)
 .text.bg_thread_main
                0x0000000008007450       0x38 zephyr/kernel/libkernel.a(init.c.obj)
 .text.switch_to_main_thread
                0x0000000008007488       0x14 zephyr/kernel/libkernel.a(init.c.obj)
 .text.z_bss_zero
                0x000000000800749c       0x18 zephyr/kernel/libkernel.a(init.c.obj)
                0x000000000800749c                z_bss_zero
 .text.z_init_cpu
                0x00000000080074b4       0x44 zephyr/kernel/libkernel.a(init.c.obj)
                0x00000000080074b4                z_init_cpu
 .text.prepare_multithreading
                0x00000000080074f8       0x60 zephyr/kernel/libkernel.a(init.c.obj)
 .text.z_cstart
                0x0000000008007558       0x8c zephyr/kernel/libkernel.a(init.c.obj)
                0x0000000008007558                z_cstart
 .text.init_mem_slab_obj_core_list
                0x00000000080075e4       0x24 zephyr/kernel/libkernel.a(mem_slab.c.obj)
 .text.z_impl_k_mutex_lock
                0x0000000008007608      0x100 zephyr/kernel/libkernel.a(mutex.c.obj)
                0x0000000008007608                z_impl_k_mutex_lock
 .text.z_impl_k_mutex_unlock
                0x0000000008007708       0x7c zephyr/kernel/libkernel.a(mutex.c.obj)
                0x0000000008007708                z_impl_k_mutex_unlock
 .text.z_impl_k_sem_give
                0x0000000008007784       0x50 zephyr/kernel/libkernel.a(sem.c.obj)
                0x0000000008007784                z_impl_k_sem_give
 .text.z_impl_k_thread_name_set
                0x00000000080077d4       0x24 zephyr/kernel/libkernel.a(thread.c.obj)
                0x00000000080077d4                z_impl_k_thread_name_set
 .text.k_thread_state_str
                0x00000000080077f8       0x78 zephyr/kernel/libkernel.a(thread.c.obj)
                0x00000000080077f8                k_thread_state_str
 .text.z_check_stack_sentinel
                0x0000000008007870       0x34 zephyr/kernel/libkernel.a(thread.c.obj)
                0x0000000008007870                z_check_stack_sentinel
 .text.thread_schedule_new
                0x00000000080078a4       0x1c zephyr/kernel/libkernel.a(thread.c.obj)
 .text.z_setup_new_thread
                0x00000000080078c0       0xcc zephyr/kernel/libkernel.a(thread.c.obj)
                0x00000000080078c0                z_setup_new_thread
 .text.update_cache
                0x000000000800798c       0x4c zephyr/kernel/libkernel.a(sched.c.obj)
 .text.unready_thread
                0x00000000080079d8       0x38 zephyr/kernel/libkernel.a(sched.c.obj)
 .text.add_thread_timeout
                0x0000000008007a10       0x20 zephyr/kernel/libkernel.a(sched.c.obj)
 .text.ready_thread
                0x0000000008007a30       0x78 zephyr/kernel/libkernel.a(sched.c.obj)
 .text.halt_thread
                0x0000000008007aa8       0xd0 zephyr/kernel/libkernel.a(sched.c.obj)
 .text.thread_halt_spin
                0x0000000008007b78       0x54 zephyr/kernel/libkernel.a(sched.c.obj)
 .text.z_thread_halt
                0x0000000008007bcc       0x78 zephyr/kernel/libkernel.a(sched.c.obj)
 .text.move_thread_to_end_of_prio_q
                0x0000000008007c44       0x8c zephyr/kernel/libkernel.a(sched.c.obj)
                0x0000000008007c44                move_thread_to_end_of_prio_q
 .text.z_pend_curr
                0x0000000008007cd0       0x3c zephyr/kernel/libkernel.a(sched.c.obj)
                0x0000000008007cd0                z_pend_curr
 .text.z_thread_prio_set
                0x0000000008007d0c       0xb8 zephyr/kernel/libkernel.a(sched.c.obj)
                0x0000000008007d0c                z_thread_prio_set
 .text.z_reschedule
                0x0000000008007dc4       0x3c zephyr/kernel/libkernel.a(sched.c.obj)
                0x0000000008007dc4                z_reschedule
 .text.z_sched_start
                0x0000000008007e00       0x3c zephyr/kernel/libkernel.a(sched.c.obj)
                0x0000000008007e00                z_sched_start
 .text.z_reschedule_irqlock
                0x0000000008007e3c       0x30 zephyr/kernel/libkernel.a(sched.c.obj)
                0x0000000008007e3c                z_reschedule_irqlock
 .text.k_sched_lock
                0x0000000008007e6c       0x30 zephyr/kernel/libkernel.a(sched.c.obj)
                0x0000000008007e6c                k_sched_lock
 .text.k_sched_unlock
                0x0000000008007e9c       0x3c zephyr/kernel/libkernel.a(sched.c.obj)
                0x0000000008007e9c                k_sched_unlock
 .text.z_sched_init
                0x0000000008007ed8       0x10 zephyr/kernel/libkernel.a(sched.c.obj)
                0x0000000008007ed8                z_sched_init
 .text.z_impl_k_yield
                0x0000000008007ee8       0x94 zephyr/kernel/libkernel.a(sched.c.obj)
                0x0000000008007ee8                z_impl_k_yield
 .text.z_tick_sleep
                0x0000000008007f7c       0x9c zephyr/kernel/libkernel.a(sched.c.obj)
 .text.z_impl_k_sleep
                0x0000000008008018       0x5c zephyr/kernel/libkernel.a(sched.c.obj)
                0x0000000008008018                z_impl_k_sleep
 .text.z_impl_k_sched_current_thread_query
                0x0000000008008074        0xc zephyr/kernel/libkernel.a(sched.c.obj)
                0x0000000008008074                z_impl_k_sched_current_thread_query
 .text.z_sched_wait
                0x0000000008008080       0x24 zephyr/kernel/libkernel.a(sched.c.obj)
                0x0000000008008080                z_sched_wait
 .text.slice_timeout
                0x00000000080080a4       0x20 zephyr/kernel/libkernel.a(timeslicing.c.obj)
 .text.thread_is_sliceable
                0x00000000080080c4       0x4c zephyr/kernel/libkernel.a(timeslicing.c.obj)
                0x00000000080080c4                thread_is_sliceable
 .text.z_reset_time_slice
                0x0000000008008110       0x50 zephyr/kernel/libkernel.a(timeslicing.c.obj)
                0x0000000008008110                z_reset_time_slice
 .text.z_time_slice
                0x0000000008008160       0x70 zephyr/kernel/libkernel.a(timeslicing.c.obj)
                0x0000000008008160                z_time_slice
 .text.z_thread_monitor_exit
                0x00000000080081d0       0x44 zephyr/kernel/libkernel.a(thread_monitor.c.obj)
                0x00000000080081d0                z_thread_monitor_exit
 .text.k_thread_foreach_unlocked
                0x0000000008008214       0x4c zephyr/kernel/libkernel.a(thread_monitor.c.obj)
                0x0000000008008214                k_thread_foreach_unlocked
 .text.z_data_copy
                0x0000000008008260       0x34 zephyr/kernel/libkernel.a(xip.c.obj)
                0x0000000008008260                z_data_copy
 .text.first    0x0000000008008294       0x14 zephyr/kernel/libkernel.a(timeout.c.obj)
 .text.next     0x00000000080082a8       0x18 zephyr/kernel/libkernel.a(timeout.c.obj)
 .text.elapsed  0x00000000080082c0       0x18 zephyr/kernel/libkernel.a(timeout.c.obj)
 .text.z_add_timeout
                0x00000000080082d8      0x10c zephyr/kernel/libkernel.a(timeout.c.obj)
                0x00000000080082d8                z_add_timeout
 .text.sys_clock_announce
                0x00000000080083e4       0xc4 zephyr/kernel/libkernel.a(timeout.c.obj)
                0x00000000080083e4                sys_clock_announce
 .text.sys_clock_tick_get
                0x00000000080084a8       0x40 zephyr/kernel/libkernel.a(timeout.c.obj)
                0x00000000080084a8                sys_clock_tick_get
 .text.z_timer_expiration_handler
                0x00000000080084e8       0xf8 zephyr/kernel/libkernel.a(timer.c.obj)
                0x00000000080084e8                z_timer_expiration_handler
 .text.z_impl_k_timer_start
                0x00000000080085e0       0x80 zephyr/kernel/libkernel.a(timer.c.obj)
                0x00000000080085e0                z_impl_k_timer_start
 .text.z_impl_k_poll
                0x0000000008008660       0xb8 zephyr/kernel/libkernel.a(poll.c.obj)
                0x0000000008008660                z_impl_k_poll
 .text.z_impl_k_poll_signal_raise
                0x0000000008008718       0x50 zephyr/kernel/libkernel.a(poll.c.obj)
                0x0000000008008718                z_impl_k_poll_signal_raise
 .text.k_event_post_internal
                0x0000000008008768       0x60 zephyr/kernel/libkernel.a(events.c.obj)
 .text.boot_banner
                0x00000000080087c8       0x10 zephyr/kernel/libkernel.a(banner.c.obj)
                0x00000000080087c8                boot_banner
 .text.k_sys_work_q_init
                0x00000000080087d8       0x38 zephyr/kernel/libkernel.a(system_work_q.c.obj)
 .text.queue_submit_locked
                0x0000000008008810       0x7c zephyr/kernel/libkernel.a(work.c.obj)
 .text.finalize_cancel_locked
                0x000000000800888c       0x5c zephyr/kernel/libkernel.a(work.c.obj)
 .text.work_queue_main
                0x00000000080088e8       0xfc zephyr/kernel/libkernel.a(work.c.obj)
 .text.__udivmoddi4
                0x00000000080089e4      0x2ec /home/novello/SimplicityStudio_v5/developer/toolchains/gnu_arm/12.2.rel1_2023.7/bin/../lib/gcc/arm-none-eabi/12.2.1/thumb/v8-m.main+fp/hard/libgcc.a(_udivmoddi4.o)
                0x00000000080089e4                __udivmoddi4
 .text.RAILINT_5c2987fa2991598bf02ec13ac2db72ed
                0x0000000008008cd0       0x54 /home/novello/zephyr3.7B/simplicity_sdk/platform/radio/rail_lib/autogen/librail_release/librail_efr32xg23_gcc_release.a(rail_zwave_rf_hal.o)
                0x0000000008008cd0                RAILINT_5c2987fa2991598bf02ec13ac2db72ed
 .text.RAILINT_120642e673f8f2bbbaa80923e2f7270d
                0x0000000008008d24       0x38 /home/novello/zephyr3.7B/simplicity_sdk/platform/radio/rail_lib/autogen/librail_release/librail_efr32xg23_gcc_release.a(rail_zwave_rf_hal.o)
                0x0000000008008d24                RAILINT_120642e673f8f2bbbaa80923e2f7270d
 .text.RAILINT_9b1690650ce61745b7406051fc961644
                0x0000000008008d5c       0x40 /home/novello/zephyr3.7B/simplicity_sdk/platform/radio/rail_lib/autogen/librail_release/librail_efr32xg23_gcc_release.a(rail_zwave_rf_hal.o)
                0x0000000008008d5c                RAILINT_9b1690650ce61745b7406051fc961644
 .text.RAILINT_967ec31283d85ef3237b5b80f4ab05ca
                0x0000000008008d9c      0x288 /home/novello/zephyr3.7B/simplicity_sdk/platform/radio/rail_lib/autogen/librail_release/librail_efr32xg23_gcc_release.a(rail_zwave_rf_hal.o)
                0x0000000008008d9c                RAILINT_967ec31283d85ef3237b5b80f4ab05ca
 .text.RAILINT_e48e5ee1b5d6f912f6e30e0897d40f5e
                0x0000000008009024       0x38 /home/novello/zephyr3.7B/simplicity_sdk/platform/radio/rail_lib/autogen/librail_release/librail_efr32xg23_gcc_release.a(rfhal_ircal.o)
 .text.RAILINT_a779509c3ccfe3314b466cbc2527e4c8
                0x000000000800905c       0x24 /home/novello/zephyr3.7B/simplicity_sdk/platform/radio/rail_lib/autogen/librail_release/librail_efr32xg23_gcc_release.a(rfhal_ircal.o)
                0x000000000800905c                RAILINT_a779509c3ccfe3314b466cbc2527e4c8
 .text.RAILINT_649387ad39951eb4925a328ab1d3c3e4
                0x0000000008009080       0x3c /home/novello/zephyr3.7B/simplicity_sdk/platform/radio/rail_lib/autogen/librail_release/librail_efr32xg23_gcc_release.a(rfhal_ircal.o)
                0x0000000008009080                RAILINT_649387ad39951eb4925a328ab1d3c3e4
 .text.RAILINT_4cfeea8c87b02f3b7b303f547ca89e67
                0x00000000080090bc       0x38 /home/novello/zephyr3.7B/simplicity_sdk/platform/radio/rail_lib/autogen/librail_release/librail_efr32xg23_gcc_release.a(rfhal_ircal.o)
                0x00000000080090bc                RAILINT_4cfeea8c87b02f3b7b303f547ca89e67
 .text.RAILINT_dae1c359f4a4502b4c2e0fe54981e32e
                0x00000000080090f4       0x38 /home/novello/zephyr3.7B/simplicity_sdk/platform/radio/rail_lib/autogen/librail_release/librail_efr32xg23_gcc_release.a(rfhal_ircal.o)
                0x00000000080090f4                RAILINT_dae1c359f4a4502b4c2e0fe54981e32e
 .text.RAILINT_10e51c12fa48b7890f67e3da03b72643
                0x000000000800912c       0xf0 /home/novello/zephyr3.7B/simplicity_sdk/platform/radio/rail_lib/autogen/librail_release/librail_efr32xg23_gcc_release.a(rfhal_ircal.o)
                0x000000000800912c                RAILINT_10e51c12fa48b7890f67e3da03b72643
 .text.RAILINT_375284330647896a69a4c6a66deb1263
                0x000000000800921c       0x5c /home/novello/zephyr3.7B/simplicity_sdk/platform/radio/rail_lib/autogen/librail_release/librail_efr32xg23_gcc_release.a(rfhal_ircal.o)
                0x000000000800921c                RAILINT_375284330647896a69a4c6a66deb1263
 .text.RAILINT_9ab3576865b7e15060bb337da6d4395b
                0x0000000008009278       0x58 /home/novello/zephyr3.7B/simplicity_sdk/platform/radio/rail_lib/autogen/librail_release/librail_efr32xg23_gcc_release.a(rfhal_ircal.o)
                0x0000000008009278                RAILINT_9ab3576865b7e15060bb337da6d4395b
 .text.RAILINT_b15a14b4f4dd1edf21021a8dbbf49197
                0x00000000080092d0       0x2c /home/novello/zephyr3.7B/simplicity_sdk/platform/radio/rail_lib/autogen/librail_release/librail_efr32xg23_gcc_release.a(rfhal_ircal.o)
                0x00000000080092d0                RAILINT_b15a14b4f4dd1edf21021a8dbbf49197
 .text.RAILINT_e11b02377cc2f6507b94d133323dd39b
                0x00000000080092fc       0xc0 /home/novello/zephyr3.7B/simplicity_sdk/platform/radio/rail_lib/autogen/librail_release/librail_efr32xg23_gcc_release.a(rfhal_ircal.o)
                0x00000000080092fc                RAILINT_e11b02377cc2f6507b94d133323dd39b
 .text.RAILINT_e4a9a51daa8e5472d20b36fbd8988c3d
                0x00000000080093bc       0xfc /home/novello/zephyr3.7B/simplicity_sdk/platform/radio/rail_lib/autogen/librail_release/librail_efr32xg23_gcc_release.a(rfhal_ircal.o)
                0x00000000080093bc                RAILINT_e4a9a51daa8e5472d20b36fbd8988c3d
 .text.RAILINT_7fbf1c61f6ad533f9992356be4732038
                0x00000000080094b8       0xb8 /home/novello/zephyr3.7B/simplicity_sdk/platform/radio/rail_lib/autogen/librail_release/librail_efr32xg23_gcc_release.a(rfhal_ircal.o)
 .text.RAILINT_c4369ccbd33ddbee19d870df48a15d02
                0x0000000008009570       0x40 /home/novello/zephyr3.7B/simplicity_sdk/platform/radio/rail_lib/autogen/librail_release/librail_efr32xg23_gcc_release.a(rfhal_ircal.o)
                0x0000000008009570                RAILINT_c4369ccbd33ddbee19d870df48a15d02
 .text.RAILINT_6f908303d31dafd430f78bf68b885dc8
                0x00000000080095b0       0x14 /home/novello/zephyr3.7B/simplicity_sdk/platform/radio/rail_lib/autogen/librail_release/librail_efr32xg23_gcc_release.a(rfhal_ircal.o)
                0x00000000080095b0                RAILINT_6f908303d31dafd430f78bf68b885dc8
 .text.RAILINT_bc509237f6a8badd5bf59fcb7a87c024
                0x00000000080095c4       0xd0 /home/novello/zephyr3.7B/simplicity_sdk/platform/radio/rail_lib/autogen/librail_release/librail_efr32xg23_gcc_release.a(rfhal_ircal.o)
                0x00000000080095c4                RAILINT_bc509237f6a8badd5bf59fcb7a87c024
 .text.RAILINT_efeb2cfb7528b3a04bc5a3c19e00a349
                0x0000000008009694       0x9c /home/novello/zephyr3.7B/simplicity_sdk/platform/radio/rail_lib/autogen/librail_release/librail_efr32xg23_gcc_release.a(rfhal_ircal.o)
 .text.RAILINT_180789e54523ec093dde33f764dd8f42
                0x0000000008009730       0x6c /home/novello/zephyr3.7B/simplicity_sdk/platform/radio/rail_lib/autogen/librail_release/librail_efr32xg23_gcc_release.a(rfhal_ircal.o)
                0x0000000008009730                RAILINT_180789e54523ec093dde33f764dd8f42
 .text.RAILINT_7c4474e9c252fd93501bbf7d6298f3d3
                0x000000000800979c       0x64 /home/novello/zephyr3.7B/simplicity_sdk/platform/radio/rail_lib/autogen/librail_release/librail_efr32xg23_gcc_release.a(rfhal_antenna.o)
                0x000000000800979c                RAILINT_7c4474e9c252fd93501bbf7d6298f3d3
 .text.RAILINT_42ba343910883753b346a02b0f77ef3e
                0x0000000008009800        0xc /home/novello/zephyr3.7B/simplicity_sdk/platform/radio/rail_lib/autogen/librail_release/librail_efr32xg23_gcc_release.a(rfhal_antenna.o)
                0x0000000008009800                RAILINT_42ba343910883753b346a02b0f77ef3e
 .text.RAILINT_893fd72dfcf6ebbe2598a01d375fa2c0
                0x000000000800980c       0x50 /home/novello/zephyr3.7B/simplicity_sdk/platform/radio/rail_lib/autogen/librail_release/librail_efr32xg23_gcc_release.a(rfhal_bufc.o)
 .text.RAILINT_86983bfebc3fcf81f3ab3444e4625a88
                0x000000000800985c       0x3c /home/novello/zephyr3.7B/simplicity_sdk/platform/radio/rail_lib/autogen/librail_release/librail_efr32xg23_gcc_release.a(rfhal_bufc.o)
                0x000000000800985c                RAILINT_86983bfebc3fcf81f3ab3444e4625a88
 .text.RAILINT_cdbd2ef4368f95ff8e91482f629bd134
                0x0000000008009898       0x1c /home/novello/zephyr3.7B/simplicity_sdk/platform/radio/rail_lib/autogen/librail_release/librail_efr32xg23_gcc_release.a(rfhal_bufc.o)
                0x0000000008009898                RAILINT_cdbd2ef4368f95ff8e91482f629bd134
 .text.RAILINT_d098fb7ee08dc8d454a1df118de69bc4
                0x00000000080098b4      0x18c /home/novello/zephyr3.7B/simplicity_sdk/platform/radio/rail_lib/autogen/librail_release/librail_efr32xg23_gcc_release.a(rfhal_bufc.o)
                0x00000000080098b4                RAILINT_d098fb7ee08dc8d454a1df118de69bc4
 .text.RAILINT_53ead1b019a1cdfd0829dbc64825eeac
                0x0000000008009a40       0x58 /home/novello/zephyr3.7B/simplicity_sdk/platform/radio/rail_lib/autogen/librail_release/librail_efr32xg23_gcc_release.a(rfhal_bufc.o)
                0x0000000008009a40                RAILINT_53ead1b019a1cdfd0829dbc64825eeac
 .text.RAILINT_6281eecc9c4ea6e1ecc523be2e1d48d2
                0x0000000008009a98       0x8c /home/novello/zephyr3.7B/simplicity_sdk/platform/radio/rail_lib/autogen/librail_release/librail_efr32xg23_gcc_release.a(rfhal_bufc.o)
                0x0000000008009a98                RAILINT_6281eecc9c4ea6e1ecc523be2e1d48d2
 .text.RAILINT_32732aa1d78833fa65026efd536f2c3e
                0x0000000008009b24       0x44 /home/novello/zephyr3.7B/simplicity_sdk/platform/radio/rail_lib/autogen/librail_release/librail_efr32xg23_gcc_release.a(rfhal_bufc.o)
                0x0000000008009b24                RAILINT_32732aa1d78833fa65026efd536f2c3e
 .text.RAILINT_d9e915d6d22bf4edc2f73d7c60daed1e
                0x0000000008009b68       0x18 /home/novello/zephyr3.7B/simplicity_sdk/platform/radio/rail_lib/autogen/librail_release/librail_efr32xg23_gcc_release.a(rfhal_bufc.o)
                0x0000000008009b68                RAILINT_d9e915d6d22bf4edc2f73d7c60daed1e
 .text.RAILINT_f921a6fdde390c986016ab0c8bf49fae
                0x0000000008009b80      0x12c /home/novello/zephyr3.7B/simplicity_sdk/platform/radio/rail_lib/autogen/librail_release/librail_efr32xg23_gcc_release.a(rfhal_bufc.o)
                0x0000000008009b80                RAILINT_f921a6fdde390c986016ab0c8bf49fae
 .text.RAILINT_0906929bba6a17fd8a9605e65064a9f4
                0x0000000008009cac       0x68 /home/novello/zephyr3.7B/simplicity_sdk/platform/radio/rail_lib/autogen/librail_release/librail_efr32xg23_gcc_release.a(rfhal_bufc.o)
                0x0000000008009cac                RAILINT_0906929bba6a17fd8a9605e65064a9f4
 .text.RAILINT_31258cb71f8a6b9069347d576bc679f0
                0x0000000008009d14       0x1c /home/novello/zephyr3.7B/simplicity_sdk/platform/radio/rail_lib/autogen/librail_release/librail_efr32xg23_gcc_release.a(rfhal_bufc.o)
                0x0000000008009d14                RAILINT_31258cb71f8a6b9069347d576bc679f0
 .text.RAILINT_6e9511005f24d0489b4328a9cd887def
                0x0000000008009d30       0x2c /home/novello/zephyr3.7B/simplicity_sdk/platform/radio/rail_lib/autogen/librail_release/librail_efr32xg23_gcc_release.a(rfhal_bufc.o)
                0x0000000008009d30                RAILINT_6e9511005f24d0489b4328a9cd887def
 .text.RAILINT_052f8b2565813079f19c931bac48db51
                0x0000000008009d5c      0x16c /home/novello/zephyr3.7B/simplicity_sdk/platform/radio/rail_lib/autogen/librail_release/librail_efr32xg23_gcc_release.a(rfhal_bufc.o)
                0x0000000008009d5c                RAILINT_052f8b2565813079f19c931bac48db51
 .text.RAILINT_5b690911fb63c8ed3939b23ea6b3c04d
                0x0000000008009ec8       0x14 /home/novello/zephyr3.7B/simplicity_sdk/platform/radio/rail_lib/autogen/librail_release/librail_efr32xg23_gcc_release.a(rfhal_pa.o)
                0x0000000008009ec8                RAILINT_5b690911fb63c8ed3939b23ea6b3c04d
 .text.RAILINT_0a4e93b519ac593c17e9cf2bca4c4cf3
                0x0000000008009edc       0x2c /home/novello/zephyr3.7B/simplicity_sdk/platform/radio/rail_lib/autogen/librail_release/librail_efr32xg23_gcc_release.a(rfhal_pa.o)
                0x0000000008009edc                RAILINT_0a4e93b519ac593c17e9cf2bca4c4cf3
 .text.RAILINT_538e671f17d827f5e8fbb6213721d612
                0x0000000008009f08       0x48 /home/novello/zephyr3.7B/simplicity_sdk/platform/radio/rail_lib/autogen/librail_release/librail_efr32xg23_gcc_release.a(rfhal_pa.o)
                0x0000000008009f08                RAILINT_538e671f17d827f5e8fbb6213721d612
 .text.RAILINT_1040bf941e847cb582a86b6ad519d354
                0x0000000008009f50       0x14 /home/novello/zephyr3.7B/simplicity_sdk/platform/radio/rail_lib/autogen/librail_release/librail_efr32xg23_gcc_release.a(rfhal_pa.o)
                0x0000000008009f50                RAILINT_1040bf941e847cb582a86b6ad519d354
 .text.RAILINT_80e4ebea7b797fe222184bcf10e3a6f0
                0x0000000008009f64       0xe8 /home/novello/zephyr3.7B/simplicity_sdk/platform/radio/rail_lib/autogen/librail_release/librail_efr32xg23_gcc_release.a(rfhal_pa.o)
                0x0000000008009f64                RAILINT_80e4ebea7b797fe222184bcf10e3a6f0
 .text.RAILINT_5eae5b33728fa998af27aab462a94cc2
                0x000000000800a04c      0x240 /home/novello/zephyr3.7B/simplicity_sdk/platform/radio/rail_lib/autogen/librail_release/librail_efr32xg23_gcc_release.a(rfhal_pa.o)
                0x000000000800a04c                RAILINT_5eae5b33728fa998af27aab462a94cc2
 .text.RAILINT_692f9e407ff0da6bb4b5f2aa1969c134
                0x000000000800a28c      0x288 /home/novello/zephyr3.7B/simplicity_sdk/platform/radio/rail_lib/autogen/librail_release/librail_efr32xg23_gcc_release.a(rfhal_pa.o)
                0x000000000800a28c                RAILINT_692f9e407ff0da6bb4b5f2aa1969c134
 .text.RAILINT_08c8419aa71adfff4194c3a91186dc0b
                0x000000000800a514       0x50 /home/novello/zephyr3.7B/simplicity_sdk/platform/radio/rail_lib/autogen/librail_release/librail_efr32xg23_gcc_release.a(rfhal_pa.o)
                0x000000000800a514                RAILINT_08c8419aa71adfff4194c3a91186dc0b
 .text.RAILINT_43e20192c70743caf46848f43384580c
                0x000000000800a564       0x48 /home/novello/zephyr3.7B/simplicity_sdk/platform/radio/rail_lib/autogen/librail_release/librail_efr32xg23_gcc_release.a(rfhal_pa.o)
                0x000000000800a564                RAILINT_43e20192c70743caf46848f43384580c
 .text.RAILINT_9ddf38797bdd4dec512cd8a53f0e246d
                0x000000000800a5ac       0x1c /home/novello/zephyr3.7B/simplicity_sdk/platform/radio/rail_lib/autogen/librail_release/librail_efr32xg23_gcc_release.a(rfhal_pa.o)
                0x000000000800a5ac                RAILINT_9ddf38797bdd4dec512cd8a53f0e246d
 .text.RAILINT_a2bb09bbf0f5a66273c06b6551b0acd9
                0x000000000800a5c8       0xe0 /home/novello/zephyr3.7B/simplicity_sdk/platform/radio/rail_lib/autogen/librail_release/librail_efr32xg23_gcc_release.a(rfhal_protimer.o)
                0x000000000800a5c8                RAILINT_a2bb09bbf0f5a66273c06b6551b0acd9
 .text.RAILINT_2867cf1f7327fd002fccf5d8ded311be
                0x000000000800a6a8       0x1c /home/novello/zephyr3.7B/simplicity_sdk/platform/radio/rail_lib/autogen/librail_release/librail_efr32xg23_gcc_release.a(rfhal_protimer.o)
                0x000000000800a6a8                RAILINT_2867cf1f7327fd002fccf5d8ded311be
 .text.RAILINT_4f93cdd7aecf168775f2a95c9141aec8
                0x000000000800a6c4       0x3c /home/novello/zephyr3.7B/simplicity_sdk/platform/radio/rail_lib/autogen/librail_release/librail_efr32xg23_gcc_release.a(rfhal_protimer.o)
                0x000000000800a6c4                RAILINT_4f93cdd7aecf168775f2a95c9141aec8
 .text.RAILINT_bda0c15173302986042c4866e7e8cb7e
                0x000000000800a700       0x14 /home/novello/zephyr3.7B/simplicity_sdk/platform/radio/rail_lib/autogen/librail_release/librail_efr32xg23_gcc_release.a(rfhal_protimer.o)
                0x000000000800a700                RAILINT_bda0c15173302986042c4866e7e8cb7e
 .text.RAILINT_6fba69fb8464276fb40686c982612f36
                0x000000000800a714       0x18 /home/novello/zephyr3.7B/simplicity_sdk/platform/radio/rail_lib/autogen/librail_release/librail_efr32xg23_gcc_release.a(rfhal_protimer.o)
                0x000000000800a714                RAILINT_6fba69fb8464276fb40686c982612f36
 .text.RAILINT_91acd8a0b3b22b251b18aeabdb4a57f7
                0x000000000800a72c       0x18 /home/novello/zephyr3.7B/simplicity_sdk/platform/radio/rail_lib/autogen/librail_release/librail_efr32xg23_gcc_release.a(rfhal_protimer.o)
                0x000000000800a72c                RAILINT_91acd8a0b3b22b251b18aeabdb4a57f7
 .text.RAILINT_c51be8ee5a1368e218ec48a993030c0a
                0x000000000800a744       0x30 /home/novello/zephyr3.7B/simplicity_sdk/platform/radio/rail_lib/autogen/librail_release/librail_efr32xg23_gcc_release.a(rfhal_protimer.o)
                0x000000000800a744                RAILINT_c51be8ee5a1368e218ec48a993030c0a
 .text.RAILINT_3d752c35229134eb0acd91db488d7c4c
                0x000000000800a774       0x24 /home/novello/zephyr3.7B/simplicity_sdk/platform/radio/rail_lib/autogen/librail_release/librail_efr32xg23_gcc_release.a(rfhal_protimer_shared.o)
                0x000000000800a774                RAILINT_3d752c35229134eb0acd91db488d7c4c
 .text.RAILINT_91df45e96a2874f76867d6f26ae534a0
                0x000000000800a798       0x40 /home/novello/zephyr3.7B/simplicity_sdk/platform/radio/rail_lib/autogen/librail_release/librail_efr32xg23_gcc_release.a(rfhal_protimer_shared.o)
                0x000000000800a798                RAILINT_91df45e96a2874f76867d6f26ae534a0
 .text.RAILINT_7dbf4a2540796b33a4a0f6c074c875d0
                0x000000000800a7d8       0x20 /home/novello/zephyr3.7B/simplicity_sdk/platform/radio/rail_lib/autogen/librail_release/librail_efr32xg23_gcc_release.a(rfhal_radio.o)
 .text.RAILINT_fec7870be3fe1a836fe6231361b23257
                0x000000000800a7f8       0x54 /home/novello/zephyr3.7B/simplicity_sdk/platform/radio/rail_lib/autogen/librail_release/librail_efr32xg23_gcc_release.a(rfhal_radio.o)
 .text.RAILINT_2e07a6872d92c4b3e3c2fd6af0b0470f
                0x000000000800a84c       0x84 /home/novello/zephyr3.7B/simplicity_sdk/platform/radio/rail_lib/autogen/librail_release/librail_efr32xg23_gcc_release.a(rfhal_radio.o)
 .text.RAILINT_2d55024751d647dfef36f5f548d0f2cb
                0x000000000800a8d0       0x4c /home/novello/zephyr3.7B/simplicity_sdk/platform/radio/rail_lib/autogen/librail_release/librail_efr32xg23_gcc_release.a(rfhal_radio.o)
                0x000000000800a8d0                RAILINT_2d55024751d647dfef36f5f548d0f2cb
 .text.RAILINT_218cde0c3f45a7d04cd5b221c6c89ad2
                0x000000000800a91c       0x28 /home/novello/zephyr3.7B/simplicity_sdk/platform/radio/rail_lib/autogen/librail_release/librail_efr32xg23_gcc_release.a(rfhal_radio.o)
                0x000000000800a91c                RAILINT_218cde0c3f45a7d04cd5b221c6c89ad2
 .text.RAILINT_0a958662e0f9b48ba3742030a3e4e70c
                0x000000000800a944       0x84 /home/novello/zephyr3.7B/simplicity_sdk/platform/radio/rail_lib/autogen/librail_release/librail_efr32xg23_gcc_release.a(rfhal_radio.o)
                0x000000000800a944                RAILINT_0a958662e0f9b48ba3742030a3e4e70c
 .text.RAILINT_ff78d9bb4bfe772063473783474f9dc5
                0x000000000800a9c8       0x4c /home/novello/zephyr3.7B/simplicity_sdk/platform/radio/rail_lib/autogen/librail_release/librail_efr32xg23_gcc_release.a(rfhal_radio.o)
                0x000000000800a9c8                RAILINT_ff78d9bb4bfe772063473783474f9dc5
 .text.RAILINT_83b3e2e99c8f4d3fd0b62943447c7cff
                0x000000000800aa14       0x6c /home/novello/zephyr3.7B/simplicity_sdk/platform/radio/rail_lib/autogen/librail_release/librail_efr32xg23_gcc_release.a(rfhal_radio.o)
                0x000000000800aa14                RAILINT_83b3e2e99c8f4d3fd0b62943447c7cff
 .text.RAILINT_29728e9d96985f5babe5fba5eab67a2d
                0x000000000800aa80       0x1c /home/novello/zephyr3.7B/simplicity_sdk/platform/radio/rail_lib/autogen/librail_release/librail_efr32xg23_gcc_release.a(rfhal_radio.o)
                0x000000000800aa80                RAILINT_29728e9d96985f5babe5fba5eab67a2d
 .text.RAILINT_cd65c06e3b1af867d6257be45870f13b
                0x000000000800aa9c      0x10c /home/novello/zephyr3.7B/simplicity_sdk/platform/radio/rail_lib/autogen/librail_release/librail_efr32xg23_gcc_release.a(rfhal_radio.o)
                0x000000000800aa9c                RAILINT_cd65c06e3b1af867d6257be45870f13b
 .text.RAILINT_f9e5228e0d9c01913b590cb22fe86427
                0x000000000800aba8        0xc /home/novello/zephyr3.7B/simplicity_sdk/platform/radio/rail_lib/autogen/librail_release/librail_efr32xg23_gcc_release.a(rfhal_radio.o)
                0x000000000800aba8                RAILINT_f9e5228e0d9c01913b590cb22fe86427
 .text.RAILINT_0fcb2d75494993f121b931b03a54c62c
                0x000000000800abb4        0xc /home/novello/zephyr3.7B/simplicity_sdk/platform/radio/rail_lib/autogen/librail_release/librail_efr32xg23_gcc_release.a(rfhal_radio.o)
                0x000000000800abb4                RAILINT_0fcb2d75494993f121b931b03a54c62c
 .text.RAILINT_d8be8114d0438e8c4744d07fb3afceb2
                0x000000000800abc0        0xc /home/novello/zephyr3.7B/simplicity_sdk/platform/radio/rail_lib/autogen/librail_release/librail_efr32xg23_gcc_release.a(rfhal_radio.o)
                0x000000000800abc0                RAILINT_d8be8114d0438e8c4744d07fb3afceb2
 .text.RAILINT_107f383da9004c7c039de184830a3649
                0x000000000800abcc        0xc /home/novello/zephyr3.7B/simplicity_sdk/platform/radio/rail_lib/autogen/librail_release/librail_efr32xg23_gcc_release.a(rfhal_radio.o)
                0x000000000800abcc                RAILINT_107f383da9004c7c039de184830a3649
 .text.RAILINT_98702195dd5df205b66d73f7f1b701b5
                0x000000000800abd8       0x24 /home/novello/zephyr3.7B/simplicity_sdk/platform/radio/rail_lib/autogen/librail_release/librail_efr32xg23_gcc_release.a(rfhal_radio.o)
                0x000000000800abd8                RAILINT_98702195dd5df205b66d73f7f1b701b5
 .text.RAILINT_f653c2a462666f78ad07511adb1c6ca5
                0x000000000800abfc       0xd0 /home/novello/zephyr3.7B/simplicity_sdk/platform/radio/rail_lib/autogen/librail_release/librail_efr32xg23_gcc_release.a(rfhal_radio.o)
                0x000000000800abfc                RAILINT_f653c2a462666f78ad07511adb1c6ca5
 .text.RAILINT_12973c63ce9f157526b71bd49da4eecd
                0x000000000800accc       0x18 /home/novello/zephyr3.7B/simplicity_sdk/platform/radio/rail_lib/autogen/librail_release/librail_efr32xg23_gcc_release.a(rfhal_radio.o)
                0x000000000800accc                RAILINT_12973c63ce9f157526b71bd49da4eecd
 .text.RAILINT_1161b5fbd248b16b9006cacb961f2bf2
                0x000000000800ace4       0x24 /home/novello/zephyr3.7B/simplicity_sdk/platform/radio/rail_lib/autogen/librail_release/librail_efr32xg23_gcc_release.a(rfhal_radio.o)
                0x000000000800ace4                RAILINT_1161b5fbd248b16b9006cacb961f2bf2
 .text.RAILINT_5c0938f59a395e36d23a6c1c32d6c158
                0x000000000800ad08       0xc8 /home/novello/zephyr3.7B/simplicity_sdk/platform/radio/rail_lib/autogen/librail_release/librail_efr32xg23_gcc_release.a(rfhal_synth.o)
 .text.RAILINT_9e306f55d2f3c85a26d2a5212585345f
                0x000000000800add0        0xc /home/novello/zephyr3.7B/simplicity_sdk/platform/radio/rail_lib/autogen/librail_release/librail_efr32xg23_gcc_release.a(rfhal_synth.o)
                0x000000000800add0                RAILINT_9e306f55d2f3c85a26d2a5212585345f
 .text.RAILINT_b41f09bfb9d4cd2be07e0e8766e7ff37
                0x000000000800addc        0xc /home/novello/zephyr3.7B/simplicity_sdk/platform/radio/rail_lib/autogen/librail_release/librail_efr32xg23_gcc_release.a(rfhal_synth.o)
                0x000000000800addc                RAILINT_b41f09bfb9d4cd2be07e0e8766e7ff37
 .text.RAILINT_ec98693ee08d705578ea34d20ad5a3f0
                0x000000000800ade8       0x6c /home/novello/zephyr3.7B/simplicity_sdk/platform/radio/rail_lib/autogen/librail_release/librail_efr32xg23_gcc_release.a(rfhal_synth.o)
                0x000000000800ade8                RAILINT_ec98693ee08d705578ea34d20ad5a3f0
 .text.RAILINT_f26e766b4223f258d2a3acd050099dec
                0x000000000800ae54      0x48c /home/novello/zephyr3.7B/simplicity_sdk/platform/radio/rail_lib/autogen/librail_release/librail_efr32xg23_gcc_release.a(rfhal_synth.o)
                0x000000000800ae54                RAILINT_f26e766b4223f258d2a3acd050099dec
 .text.RAILINT_ffff6fd8b93bee8f8f3297dc48915167
                0x000000000800b2e0       0x10 /home/novello/zephyr3.7B/simplicity_sdk/platform/radio/rail_lib/autogen/librail_release/librail_efr32xg23_gcc_release.a(rfhal_synth.o)
                0x000000000800b2e0                RAILINT_ffff6fd8b93bee8f8f3297dc48915167
 .text.RAILINT_13745921110d6517f85d6d608ac18409
                0x000000000800b2f0       0x4c /home/novello/zephyr3.7B/simplicity_sdk/platform/radio/rail_lib/autogen/librail_release/librail_efr32xg23_gcc_release.a(rfhal_synth.o)
                0x000000000800b2f0                RAILINT_13745921110d6517f85d6d608ac18409
 .text.RAILINT_40f50b01b0acf65296da94a1cd4ce85b
                0x000000000800b33c      0x104 /home/novello/zephyr3.7B/simplicity_sdk/platform/radio/rail_lib/autogen/librail_release/librail_efr32xg23_gcc_release.a(rfhal_synth.o)
                0x000000000800b33c                RAILINT_40f50b01b0acf65296da94a1cd4ce85b
 .text.RAILINT_3654f2a9376e4bdd7e2c364177a94691
                0x000000000800b440       0x10 /home/novello/zephyr3.7B/simplicity_sdk/platform/radio/rail_lib/autogen/librail_release/librail_efr32xg23_gcc_release.a(rfhal_synth.o)
                0x000000000800b440                RAILINT_3654f2a9376e4bdd7e2c364177a94691
 .text.RAILINT_f39a1761ed365f497139ce798b981b67
                0x000000000800b450       0x3c /home/novello/zephyr3.7B/simplicity_sdk/platform/radio/rail_lib/autogen/librail_release/librail_efr32xg23_gcc_release.a(rfhal_timings.o)
 .text.RAILINT_06b1ea13261364007801a74aa7e1e357
                0x000000000800b48c       0x28 /home/novello/zephyr3.7B/simplicity_sdk/platform/radio/rail_lib/autogen/librail_release/librail_efr32xg23_gcc_release.a(rfhal_timings.o)
                0x000000000800b48c                RAILINT_06b1ea13261364007801a74aa7e1e357
 .text.RAILINT_4baddb3f7581dff171ab25f7b0ebdad3
                0x000000000800b4b4       0x84 /home/novello/zephyr3.7B/simplicity_sdk/platform/radio/rail_lib/autogen/librail_release/librail_efr32xg23_gcc_release.a(rfhal_timings.o)
                0x000000000800b4b4                RAILINT_4baddb3f7581dff171ab25f7b0ebdad3
 .text.RAILINT_43ae21a22b6204273e89e527a423910e
                0x000000000800b538       0x3c /home/novello/zephyr3.7B/simplicity_sdk/platform/radio/rail_lib/autogen/librail_release/librail_efr32xg23_gcc_release.a(rfhal_timings.o)
                0x000000000800b538                RAILINT_43ae21a22b6204273e89e527a423910e
 .text.RAILINT_970d9248a37232567f89ad6c94dd6fe8
                0x000000000800b574      0x178 /home/novello/zephyr3.7B/simplicity_sdk/platform/radio/rail_lib/autogen/librail_release/librail_efr32xg23_gcc_release.a(rfhal_timings.o)
                0x000000000800b574                RAILINT_970d9248a37232567f89ad6c94dd6fe8
 .text.RAILINT_9743c96ef075be688881e5d1e5667476
                0x000000000800b6ec       0x6c /home/novello/zephyr3.7B/simplicity_sdk/platform/radio/rail_lib/autogen/librail_release/librail_efr32xg23_gcc_release.a(seq_globals.o)
                0x000000000800b6ec                RAILINT_9743c96ef075be688881e5d1e5667476
 .text.RAILINT_816f3580c5ff0e8ca0af376c3a66a219
                0x000000000800b758       0x38 /home/novello/zephyr3.7B/simplicity_sdk/platform/radio/rail_lib/autogen/librail_release/librail_efr32xg23_gcc_release.a(generic_phy.o)
 .text.RAILINT_e5849823b21bf651f5d87f5e741d2a12
                0x000000000800b790       0x34 /home/novello/zephyr3.7B/simplicity_sdk/platform/radio/rail_lib/autogen/librail_release/librail_efr32xg23_gcc_release.a(generic_phy.o)
 .text.RAILINT_99b59c6cc05d74d26bce559fe745db90
                0x000000000800b7c4       0x30 /home/novello/zephyr3.7B/simplicity_sdk/platform/radio/rail_lib/autogen/librail_release/librail_efr32xg23_gcc_release.a(generic_phy.o)
 .text.RAILINT_2c4dd48bdd23e67e66c47cfdf845d67c
                0x000000000800b7f4       0x50 /home/novello/zephyr3.7B/simplicity_sdk/platform/radio/rail_lib/autogen/librail_release/librail_efr32xg23_gcc_release.a(generic_phy.o)
 .text.RAILINT_ef38b49f1deb3f763f4f0e2ae372d117
                0x000000000800b844       0x28 /home/novello/zephyr3.7B/simplicity_sdk/platform/radio/rail_lib/autogen/librail_release/librail_efr32xg23_gcc_release.a(generic_phy.o)
 .text.RAILINT_6d8967e14ffa5fbb64f5f8549fa17b5c
                0x000000000800b86c       0x1c /home/novello/zephyr3.7B/simplicity_sdk/platform/radio/rail_lib/autogen/librail_release/librail_efr32xg23_gcc_release.a(generic_phy.o)
 .text.RAILINT_c34bfa9af18e68c24adf7137035e88f0
                0x000000000800b888       0xa8 /home/novello/zephyr3.7B/simplicity_sdk/platform/radio/rail_lib/autogen/librail_release/librail_efr32xg23_gcc_release.a(generic_phy.o)
 .text.RAILINT_2b746cfc461ae5635faa828fc2e99484
                0x000000000800b930       0x40 /home/novello/zephyr3.7B/simplicity_sdk/platform/radio/rail_lib/autogen/librail_release/librail_efr32xg23_gcc_release.a(generic_phy.o)
 .text.RAILINT_978af8e4393fb6ecb4e92f5256373899
                0x000000000800b970       0x30 /home/novello/zephyr3.7B/simplicity_sdk/platform/radio/rail_lib/autogen/librail_release/librail_efr32xg23_gcc_release.a(generic_phy.o)
                0x000000000800b970                RAILINT_978af8e4393fb6ecb4e92f5256373899
 .text.RAILINT_e56520736dccfc6b4febe00b533ea27a
                0x000000000800b9a0      0x3c0 /home/novello/zephyr3.7B/simplicity_sdk/platform/radio/rail_lib/autogen/librail_release/librail_efr32xg23_gcc_release.a(generic_phy.o)
                0x000000000800b9a0                RAILINT_e56520736dccfc6b4febe00b533ea27a
 .text.RAILINT_436bf61abb715dbe168d75ac0bccdfdf
                0x000000000800bd60       0x10 /home/novello/zephyr3.7B/simplicity_sdk/platform/radio/rail_lib/autogen/librail_release/librail_efr32xg23_gcc_release.a(generic_phy.o)
                0x000000000800bd60                RAILINT_436bf61abb715dbe168d75ac0bccdfdf
 .text.RAILINT_0e4fab607515a0ae94861cde84b8a317
                0x000000000800bd70       0x10 /home/novello/zephyr3.7B/simplicity_sdk/platform/radio/rail_lib/autogen/librail_release/librail_efr32xg23_gcc_release.a(generic_phy.o)
                0x000000000800bd70                RAILINT_0e4fab607515a0ae94861cde84b8a317
 .text.RAILINT_7eff40ec14ab746668317fbad941367b
                0x000000000800bd80       0x10 /home/novello/zephyr3.7B/simplicity_sdk/platform/radio/rail_lib/autogen/librail_release/librail_efr32xg23_gcc_release.a(generic_phy.o)
                0x000000000800bd80                RAILINT_7eff40ec14ab746668317fbad941367b
 .text.RAILINT_5d6f9e1abd47331b2e5065ec63f9f308
                0x000000000800bd90       0x14 /home/novello/zephyr3.7B/simplicity_sdk/platform/radio/rail_lib/autogen/librail_release/librail_efr32xg23_gcc_release.a(generic_phy.o)
                0x000000000800bd90                RAILINT_5d6f9e1abd47331b2e5065ec63f9f308
 .text.RAILINT_0390333908b9b36d5ab834e553f87374
                0x000000000800bda4       0x80 /home/novello/zephyr3.7B/simplicity_sdk/platform/radio/rail_lib/autogen/librail_release/librail_efr32xg23_gcc_release.a(generic_phy.o)
                0x000000000800bda4                RAILINT_0390333908b9b36d5ab834e553f87374
 .text.RAILINT_d03b3ef54cea4e5cdd512296475ae5cd
                0x000000000800be24       0x28 /home/novello/zephyr3.7B/simplicity_sdk/platform/radio/rail_lib/autogen/librail_release/librail_efr32xg23_gcc_release.a(generic_phy.o)
                0x000000000800be24                RAILINT_d03b3ef54cea4e5cdd512296475ae5cd
 .text.RAILINT_8a1daf8683aeba05cbb8b1aa7d69b03e
                0x000000000800be4c       0x2c /home/novello/zephyr3.7B/simplicity_sdk/platform/radio/rail_lib/autogen/librail_release/librail_efr32xg23_gcc_release.a(generic_phy.o)
                0x000000000800be4c                RAILINT_8a1daf8683aeba05cbb8b1aa7d69b03e
 .text.RAILINT_c2b2df1ff702cc69934ed56ca7c5ba21
                0x000000000800be78       0x74 /home/novello/zephyr3.7B/simplicity_sdk/platform/radio/rail_lib/autogen/librail_release/librail_efr32xg23_gcc_release.a(generic_phy.o)
                0x000000000800be78                RAILINT_c2b2df1ff702cc69934ed56ca7c5ba21
 .text.RAILINT_b4349430825f42395f1799b2ff8bb1b4
                0x000000000800beec       0x30 /home/novello/zephyr3.7B/simplicity_sdk/platform/radio/rail_lib/autogen/librail_release/librail_efr32xg23_gcc_release.a(generic_phy.o)
                0x000000000800beec                RAILINT_b4349430825f42395f1799b2ff8bb1b4
 .text.RAILINT_cda8bf84b67189e08b64149f714e0ad8
                0x000000000800bf1c       0x94 /home/novello/zephyr3.7B/simplicity_sdk/platform/radio/rail_lib/autogen/librail_release/librail_efr32xg23_gcc_release.a(generic_phy.o)
                0x000000000800bf1c                RAILINT_cda8bf84b67189e08b64149f714e0ad8
 .text.RAILINT_cf4e885725a47449d7a6caf77bda2061
                0x000000000800bfb0       0x70 /home/novello/zephyr3.7B/simplicity_sdk/platform/radio/rail_lib/autogen/librail_release/librail_efr32xg23_gcc_release.a(generic_phy.o)
                0x000000000800bfb0                RAILINT_cf4e885725a47449d7a6caf77bda2061
 .text.RAILINT_251a0c8b131e6c493b80202150f0c444
                0x000000000800c020       0x18 /home/novello/zephyr3.7B/simplicity_sdk/platform/radio/rail_lib/autogen/librail_release/librail_efr32xg23_gcc_release.a(generic_phy.o)
                0x000000000800c020                RAILINT_251a0c8b131e6c493b80202150f0c444
 .text.RAILINT_a7d421cde8a91be6637558edc84e4002
                0x000000000800c038       0x48 /home/novello/zephyr3.7B/simplicity_sdk/platform/radio/rail_lib/autogen/librail_release/librail_efr32xg23_gcc_release.a(generic_phy.o)
                0x000000000800c038                RAILINT_a7d421cde8a91be6637558edc84e4002
 .text.RAILINT_415699d4fedc812ab5645a39d53b6366
                0x000000000800c080      0x1ac /home/novello/zephyr3.7B/simplicity_sdk/platform/radio/rail_lib/autogen/librail_release/librail_efr32xg23_gcc_release.a(generic_phy.o)
                0x000000000800c080                RAILINT_415699d4fedc812ab5645a39d53b6366
 .text.FRC_IRQHandler
                0x000000000800c22c      0x7f4 /home/novello/zephyr3.7B/simplicity_sdk/platform/radio/rail_lib/autogen/librail_release/librail_efr32xg23_gcc_release.a(generic_phy.o)
                0x000000000800c22c                FRC_IRQHandler
 .text.RAILCb_RadioStateChanged
                0x000000000800ca20       0x10 /home/novello/zephyr3.7B/simplicity_sdk/platform/radio/rail_lib/autogen/librail_release/librail_efr32xg23_gcc_release.a(generic_phy.o)
                0x000000000800ca20                RAILCb_RadioStateChanged
 .text.RAC_RSM_IRQHandler
                0x000000000800ca30       0x2c /home/novello/zephyr3.7B/simplicity_sdk/platform/radio/rail_lib/autogen/librail_release/librail_efr32xg23_gcc_release.a(generic_phy.o)
                0x000000000800ca30                RAC_RSM_IRQHandler
 .text.AGC_IRQHandler
                0x000000000800ca5c       0x64 /home/novello/zephyr3.7B/simplicity_sdk/platform/radio/rail_lib/autogen/librail_release/librail_efr32xg23_gcc_release.a(generic_phy.o)
                0x000000000800ca5c                AGC_IRQHandler
 .text.HOSTMAILBOX_IRQHandler
                0x000000000800cac0       0x3c /home/novello/zephyr3.7B/simplicity_sdk/platform/radio/rail_lib/autogen/librail_release/librail_efr32xg23_gcc_release.a(generic_phy.o)
                0x000000000800cac0                HOSTMAILBOX_IRQHandler
 .text.SYNTH_IRQHandler
                0x000000000800cafc       0x3c /home/novello/zephyr3.7B/simplicity_sdk/platform/radio/rail_lib/autogen/librail_release/librail_efr32xg23_gcc_release.a(generic_phy.o)
                0x000000000800cafc                SYNTH_IRQHandler
 .text.RAILINT_fc431c63280fcec9c8f1f2616df249e6
                0x000000000800cb38       0x28 /home/novello/zephyr3.7B/simplicity_sdk/platform/radio/rail_lib/autogen/librail_release/librail_efr32xg23_gcc_release.a(generic_phy.o)
                0x000000000800cb38                RAILINT_fc431c63280fcec9c8f1f2616df249e6
 .text.RAILINT_10ac1cf98a783c6bdb18657a1d32c8ed
                0x000000000800cb60       0x14 /home/novello/zephyr3.7B/simplicity_sdk/platform/radio/rail_lib/autogen/librail_release/librail_efr32xg23_gcc_release.a(generic_phy.o)
                0x000000000800cb60                RAILINT_10ac1cf98a783c6bdb18657a1d32c8ed
 .text.RAILINT_dc675e4729ddc8fc4759ebbb1d4c3bce
                0x000000000800cb74       0x74 /home/novello/zephyr3.7B/simplicity_sdk/platform/radio/rail_lib/autogen/librail_release/librail_efr32xg23_gcc_release.a(generic_phy.o)
                0x000000000800cb74                RAILINT_dc675e4729ddc8fc4759ebbb1d4c3bce
 .text.RAIL_Init
                0x000000000800cbe8       0x4c /home/novello/zephyr3.7B/simplicity_sdk/platform/radio/rail_lib/autogen/librail_release/librail_efr32xg23_gcc_release.a(rail_singleprotocol.o)
                0x000000000800cbe8                RAIL_Init
 .text.RAIL_IsInitialized
                0x000000000800cc34       0x10 /home/novello/zephyr3.7B/simplicity_sdk/platform/radio/rail_lib/autogen/librail_release/librail_efr32xg23_gcc_release.a(rail_singleprotocol.o)
                0x000000000800cc34                RAIL_IsInitialized
 .text.RAILINT_ba62dd308ed15b1ffe7bd5b874af6d40
                0x000000000800cc44       0x1c /home/novello/zephyr3.7B/simplicity_sdk/platform/radio/rail_lib/autogen/librail_release/librail_efr32xg23_gcc_release.a(rail_rf.o)
 .text.RAILINT_0ca222f7a680788c307a2bad1be33ff3
                0x000000000800cc60       0x4c /home/novello/zephyr3.7B/simplicity_sdk/platform/radio/rail_lib/autogen/librail_release/librail_efr32xg23_gcc_release.a(rail_rf.o)
                0x000000000800cc60                RAILINT_0ca222f7a680788c307a2bad1be33ff3
 .text.RAILINT_b352de1fdb1fc52c04c6a0cd55987236
                0x000000000800ccac       0x4c /home/novello/zephyr3.7B/simplicity_sdk/platform/radio/rail_lib/autogen/librail_release/librail_efr32xg23_gcc_release.a(rail_rf.o)
                0x000000000800ccac                RAILINT_b352de1fdb1fc52c04c6a0cd55987236
 .text.RAILINT_ae1c971823300cdc95a697ee27859a7c
                0x000000000800ccf8       0x24 /home/novello/zephyr3.7B/simplicity_sdk/platform/radio/rail_lib/autogen/librail_release/librail_efr32xg23_gcc_release.a(rail_rf.o)
                0x000000000800ccf8                RAILINT_ae1c971823300cdc95a697ee27859a7c
 .text.RAIL_SetStateTiming
                0x000000000800cd1c       0x5c /home/novello/zephyr3.7B/simplicity_sdk/platform/radio/rail_lib/autogen/librail_release/librail_efr32xg23_gcc_release.a(rail_rf.o)
                0x000000000800cd1c                RAIL_SetStateTiming
 .text.RAILINT_a414401b72e85e008bc59287e035ef41
                0x000000000800cd78      0x110 /home/novello/zephyr3.7B/simplicity_sdk/platform/radio/rail_lib/autogen/librail_release/librail_efr32xg23_gcc_release.a(rail_rf.o)
                0x000000000800cd78                RAILINT_a414401b72e85e008bc59287e035ef41
 .text.RAILINT_eff06dff73e0f32be1552c4011c2dec9
                0x000000000800ce88      0x130 /home/novello/zephyr3.7B/simplicity_sdk/platform/radio/rail_lib/autogen/librail_release/librail_efr32xg23_gcc_release.a(rail_rf.o)
                0x000000000800ce88                RAILINT_eff06dff73e0f32be1552c4011c2dec9
 .text.RAILINT_f6dbb0a8d6338735e61b94958eb4964b
                0x000000000800cfb8       0x58 /home/novello/zephyr3.7B/simplicity_sdk/platform/radio/rail_lib/autogen/librail_release/librail_efr32xg23_gcc_release.a(rail_rf.o)
                0x000000000800cfb8                RAILINT_f6dbb0a8d6338735e61b94958eb4964b
 .text.RAIL_ConfigChannels
                0x000000000800d010       0x2c /home/novello/zephyr3.7B/simplicity_sdk/platform/radio/rail_lib/autogen/librail_release/librail_efr32xg23_gcc_release.a(rail_rf.o)
                0x000000000800d010                RAIL_ConfigChannels
 .text.RAIL_GetVersion
                0x000000000800d03c       0x28 /home/novello/zephyr3.7B/simplicity_sdk/platform/radio/rail_lib/autogen/librail_release/librail_efr32xg23_gcc_release.a(rail_rf.o)
                0x000000000800d03c                RAIL_GetVersion
 .text.RAIL_GetTxPowerDbm
                0x000000000800d064       0x2c /home/novello/zephyr3.7B/simplicity_sdk/platform/radio/rail_lib/autogen/librail_release/librail_efr32xg23_gcc_release.a(rail_tx.o)